Archive member included to satisfy reference by file (symbol)

/home/crepusculumx/st/stm32cubeide_1.7.0_2/plugins/com.st.stm32cube.ide.mcu.externaltools.gnu-tools-for-stm32.9-2020-q2-update.linux64_2.0.0.202105311346/tools/bin/../lib/gcc/arm-none-eabi/9.3.1/../../../../arm-none-eabi/lib/thumb/v7e-m+fp/hard/libc_nano.a(lib_a-errno.o)
                              ./Core/Src/syscalls.o (__errno)
/home/crepusculumx/st/stm32cubeide_1.7.0_2/plugins/com.st.stm32cube.ide.mcu.externaltools.gnu-tools-for-stm32.9-2020-q2-update.linux64_2.0.0.202105311346/tools/bin/../lib/gcc/arm-none-eabi/9.3.1/../../../../arm-none-eabi/lib/thumb/v7e-m+fp/hard/libc_nano.a(lib_a-exit.o)
                              /home/crepusculumx/st/stm32cubeide_1.7.0_2/plugins/com.st.stm32cube.ide.mcu.externaltools.gnu-tools-for-stm32.9-2020-q2-update.linux64_2.0.0.202105311346/tools/bin/../lib/gcc/arm-none-eabi/9.3.1/../../../../arm-none-eabi/lib/thumb/v7e-m+fp/hard/crt0.o (exit)
/home/crepusculumx/st/stm32cubeide_1.7.0_2/plugins/com.st.stm32cube.ide.mcu.externaltools.gnu-tools-for-stm32.9-2020-q2-update.linux64_2.0.0.202105311346/tools/bin/../lib/gcc/arm-none-eabi/9.3.1/../../../../arm-none-eabi/lib/thumb/v7e-m+fp/hard/libc_nano.a(lib_a-impure.o)
                              /home/crepusculumx/st/stm32cubeide_1.7.0_2/plugins/com.st.stm32cube.ide.mcu.externaltools.gnu-tools-for-stm32.9-2020-q2-update.linux64_2.0.0.202105311346/tools/bin/../lib/gcc/arm-none-eabi/9.3.1/../../../../arm-none-eabi/lib/thumb/v7e-m+fp/hard/libc_nano.a(lib_a-exit.o) (_global_impure_ptr)
/home/crepusculumx/st/stm32cubeide_1.7.0_2/plugins/com.st.stm32cube.ide.mcu.externaltools.gnu-tools-for-stm32.9-2020-q2-update.linux64_2.0.0.202105311346/tools/bin/../lib/gcc/arm-none-eabi/9.3.1/../../../../arm-none-eabi/lib/thumb/v7e-m+fp/hard/libc_nano.a(lib_a-init.o)
                              /home/crepusculumx/st/stm32cubeide_1.7.0_2/plugins/com.st.stm32cube.ide.mcu.externaltools.gnu-tools-for-stm32.9-2020-q2-update.linux64_2.0.0.202105311346/tools/bin/../lib/gcc/arm-none-eabi/9.3.1/../../../../arm-none-eabi/lib/thumb/v7e-m+fp/hard/crt0.o (__libc_init_array)
/home/crepusculumx/st/stm32cubeide_1.7.0_2/plugins/com.st.stm32cube.ide.mcu.externaltools.gnu-tools-for-stm32.9-2020-q2-update.linux64_2.0.0.202105311346/tools/bin/../lib/gcc/arm-none-eabi/9.3.1/../../../../arm-none-eabi/lib/thumb/v7e-m+fp/hard/libc_nano.a(lib_a-memset.o)
                              /home/crepusculumx/st/stm32cubeide_1.7.0_2/plugins/com.st.stm32cube.ide.mcu.externaltools.gnu-tools-for-stm32.9-2020-q2-update.linux64_2.0.0.202105311346/tools/bin/../lib/gcc/arm-none-eabi/9.3.1/../../../../arm-none-eabi/lib/thumb/v7e-m+fp/hard/crt0.o (memset)
/home/crepusculumx/st/stm32cubeide_1.7.0_2/plugins/com.st.stm32cube.ide.mcu.externaltools.gnu-tools-for-stm32.9-2020-q2-update.linux64_2.0.0.202105311346/tools/bin/../lib/gcc/arm-none-eabi/9.3.1/../../../../arm-none-eabi/lib/thumb/v7e-m+fp/hard/libc_nano.a(lib_a-nano-vfprintf_float.o)
                              (_printf_float)
/home/crepusculumx/st/stm32cubeide_1.7.0_2/plugins/com.st.stm32cube.ide.mcu.externaltools.gnu-tools-for-stm32.9-2020-q2-update.linux64_2.0.0.202105311346/tools/bin/../lib/gcc/arm-none-eabi/9.3.1/../../../../arm-none-eabi/lib/thumb/v7e-m+fp/hard/libc_nano.a(lib_a-nano-vfprintf_i.o)
                              /home/crepusculumx/st/stm32cubeide_1.7.0_2/plugins/com.st.stm32cube.ide.mcu.externaltools.gnu-tools-for-stm32.9-2020-q2-update.linux64_2.0.0.202105311346/tools/bin/../lib/gcc/arm-none-eabi/9.3.1/../../../../arm-none-eabi/lib/thumb/v7e-m+fp/hard/libc_nano.a(lib_a-nano-vfprintf_float.o) (_printf_common)
/home/crepusculumx/st/stm32cubeide_1.7.0_2/plugins/com.st.stm32cube.ide.mcu.externaltools.gnu-tools-for-stm32.9-2020-q2-update.linux64_2.0.0.202105311346/tools/bin/../lib/gcc/arm-none-eabi/9.3.1/../../../../arm-none-eabi/lib/thumb/v7e-m+fp/hard/libc_nano.a(lib_a-nano-vfscanf_float.o)
                              (_scanf_float)
/home/crepusculumx/st/stm32cubeide_1.7.0_2/plugins/com.st.stm32cube.ide.mcu.externaltools.gnu-tools-for-stm32.9-2020-q2-update.linux64_2.0.0.202105311346/tools/bin/../lib/gcc/arm-none-eabi/9.3.1/../../../../arm-none-eabi/lib/thumb/v7e-m+fp/hard/libc_nano.a(lib_a-sf_nan.o)
                              /home/crepusculumx/st/stm32cubeide_1.7.0_2/plugins/com.st.stm32cube.ide.mcu.externaltools.gnu-tools-for-stm32.9-2020-q2-update.linux64_2.0.0.202105311346/tools/bin/../lib/gcc/arm-none-eabi/9.3.1/../../../../arm-none-eabi/lib/thumb/v7e-m+fp/hard/libc_nano.a(lib_a-nano-vfscanf_float.o) (nanf)
/home/crepusculumx/st/stm32cubeide_1.7.0_2/plugins/com.st.stm32cube.ide.mcu.externaltools.gnu-tools-for-stm32.9-2020-q2-update.linux64_2.0.0.202105311346/tools/bin/../lib/gcc/arm-none-eabi/9.3.1/../../../../arm-none-eabi/lib/thumb/v7e-m+fp/hard/libc_nano.a(lib_a-sprintf.o)
[...]
Memory Configuration

Name             Origin             Length             Attributes
CCMRAM           0x0000000010000000 0x0000000000010000 xrw
RAM              0x0000000020000000 0x0000000000020000 xrw
FLASH            0x0000000008000000 0x0000000000080000 xr
*default*        0x0000000000000000 0xffffffffffffffff

Linker script and memory map

LOAD /home/crepusculumx/st/stm32cubeide_1.7.0_2/plugins/com.st.stm32cube.ide.mcu.externaltools.gnu-tools-for-stm32.9-2020-q2-update.linux64_2.0.0.202105311346/tools/bin/../lib/gcc/arm-none-eabi/9.3.1/thumb/v7e-m+fp/hard/crti.o
LOAD /home/crepusculumx/st/stm32cubeide_1.7.0_2/plugins/com.st.stm32cube.ide.mcu.externaltools.gnu-tools-for-stm32.9-2020-q2-update.linux64_2.0.0.202105311346/tools/bin/../lib/gcc/arm-none-eabi/9.3.1/thumb/v7e-m+fp/hard/crtbegin.o
LOAD /home/crepusculumx/st/stm32cubeide_1.7.0_2/plugins/com.st.stm32cube.ide.mcu.externaltools.gnu-tools-for-stm32.9-2020-q2-update.linux64_2.0.0.202105311346/tools/bin/../lib/gcc/arm-none-eabi/9.3.1/../../../../arm-none-eabi/lib/thumb/v7e-m+fp/hard/crt0.o
LOAD ./Core/Src/gpio.o
LOAD ./Core/Src/i2c.o
LOAD ./Core/Src/main.o
LOAD ./Core/Src/stm32f4xx_hal_msp.o
LOAD ./Core/Src/stm32f4xx_it.o
LOAD ./Core/Src/syscalls.o
LOAD ./Core/Src/sysmem.o
LOAD ./Core/Src/system_stm32f4xx.o
LOAD ./Core/Src/tim.o
LOAD ./Core/Src/usart.o
LOAD ./Core/Startup/startup_stm32f407zetx.o
LOAD ./Drivers/STM32F4xx_HAL_Driver/Src/stm32f4xx_hal.o
LOAD ./Drivers/STM32F4xx_HAL_Driver/Src/stm32f4xx_hal_cortex.o
LOAD ./Drivers/STM32F4xx_HAL_Driver/Src/stm32f4xx_hal_dma.o
LOAD ./Drivers/STM32F4xx_HAL_Driver/Src/stm32f4xx_hal_dma_ex.o
LOAD ./Drivers/STM32F4xx_HAL_Driver/Src/stm32f4xx_hal_exti.o
LOAD ./Drivers/STM32F4xx_HAL_Driver/Src/stm32f4xx_hal_flash.o
LOAD ./Drivers/STM32F4xx_HAL_Driver/Src/stm32f4xx_hal_flash_ex.o
LOAD ./Drivers/STM32F4xx_HAL_Driver/Src/stm32f4xx_hal_flash_ramfunc.o
LOAD ./Drivers/STM32F4xx_HAL_Driver/Src/stm32f4xx_hal_gpio.o
LOAD ./Drivers/STM32F4xx_HAL_Driver/Src/stm32f4xx_hal_i2c.o
LOAD ./Drivers/STM32F4xx_HAL_Driver/Src/stm32f4xx_hal_i2c_ex.o
LOAD ./Drivers/STM32F4xx_HAL_Driver/Src/stm32f4xx_hal_pwr.o
LOAD ./Drivers/STM32F4xx_HAL_Driver/Src/stm32f4xx_hal_pwr_ex.o
LOAD ./Drivers/STM32F4xx_HAL_Driver/Src/stm32f4xx_hal_rcc.o
LOAD ./Drivers/STM32F4xx_HAL_Driver/Src/stm32f4xx_hal_rcc_ex.o
LOAD ./Drivers/STM32F4xx_HAL_Driver/Src/stm32f4xx_hal_tim.o
LOAD ./Drivers/STM32F4xx_HAL_Driver/Src/stm32f4xx_hal_tim_ex.o
LOAD ./Drivers/STM32F4xx_HAL_Driver/Src/stm32f4xx_hal_uart.o
LOAD ./HARDWARE/MPU6050/mpu6050.o
LOAD ./HARDWARE/angular/angular.o
LOAD ./HARDWARE/controller/controller.o
LOAD ./HARDWARE/motor/motor.o
START GROUP
LOAD /home/crepusculumx/st/stm32cubeide_1.7.0_2/plugins/com.st.stm32cube.ide.mcu.externaltools.gnu-tools-for-stm32.9-2020-q2-update.linux64_2.0.0.202105311346/tools/bin/../lib/gcc/arm-none-eabi/9.3.1/../../../../arm-none-eabi/lib/thumb/v7e-m+fp/hard/libc_nano.a
LOAD /home/crepusculumx/st/stm32cubeide_1.7.0_2/plugins/com.st.stm32cube.ide.mcu.externaltools.gnu-tools-for-stm32.9-2020-q2-update.linux64_2.0.0.202105311346/tools/bin/../lib/gcc/arm-none-eabi/9.3.1/../../../../arm-none-eabi/lib/thumb/v7e-m+fp/hard/libm.a
END GROUP
START GROUP
LOAD /home/crepusculumx/st/stm32cubeide_1.7.0_2/plugins/com.st.stm32cube.ide.mcu.externaltools.gnu-tools-for-stm32.9-2020-q2-update.linux64_2.0.0.202105311346/tools/bin/../lib/gcc/arm-none-eabi/9.3.1/thumb/v7e-m+fp/hard/libgcc.a
LOAD /home/crepusculumx/st/stm32cubeide_1.7.0_2/plugins/com.st.stm32cube.ide.mcu.externaltools.gnu-tools-for-stm32.9-2020-q2-update.linux64_2.0.0.202105311346/tools/bin/../lib/gcc/arm-none-eabi/9.3.1/../../../../arm-none-eabi/lib/thumb/v7e-m+fp/hard/libc_nano.a
END GROUP
START GROUP
LOAD /home/crepusculumx/st/stm32cubeide_1.7.0_2/plugins/com.st.stm32cube.ide.mcu.externaltools.gnu-tools-for-stm32.9-2020-q2-update.linux64_2.0.0.202105311346/tools/bin/../lib/gcc/arm-none-eabi/9.3.1/thumb/v7e-m+fp/hard/libgcc.a
LOAD /home/crepusculumx/st/stm32cubeide_1.7.0_2/plugins/com.st.stm32cube.ide.mcu.externaltools.gnu-tools-for-stm32.9-2020-q2-update.linux64_2.0.0.202105311346/tools/bin/../lib/gcc/arm-none-eabi/9.3.1/../../../../arm-none-eabi/lib/thumb/v7e-m+fp/hard/libc_nano.a
LOAD /home/crepusculumx/st/stm32cubeide_1.7.0_2/plugins/com.st.stm32cube.ide.mcu.externaltools.gnu-tools-for-stm32.9-2020-q2-update.linux64_2.0.0.202105311346/tools/bin/../lib/gcc/arm-none-eabi/9.3.1/../../../../arm-none-eabi/lib/thumb/v7e-m+fp/hard/libnosys.a
END GROUP
START GROUP
LOAD /home/crepusculumx/st/stm32cubeide_1.7.0_2/plugins/com.st.stm32cube.ide.mcu.externaltools.gnu-tools-for-stm32.9-2020-q2-update.linux64_2.0.0.202105311346/tools/bin/../lib/gcc/arm-none-eabi/9.3.1/thumb/v7e-m+fp/hard/libgcc.a
LOAD /home/crepusculumx/st/stm32cubeide_1.7.0_2/plugins/com.st.stm32cube.ide.mcu.externaltools.gnu-tools-for-stm32.9-2020-q2-update.linux64_2.0.0.202105311346/tools/bin/../lib/gcc/arm-none-eabi/9.3.1/../../../../arm-none-eabi/lib/thumb/v7e-m+fp/hard/libc_nano.a
LOAD /home/crepusculumx/st/stm32cubeide_1.7.0_2/plugins/com.st.stm32cube.ide.mcu.externaltools.gnu-tools-for-stm32.9-2020-q2-update.linux64_2.0.0.202105311346/tools/bin/../lib/gcc/arm-none-eabi/9.3.1/../../../../arm-none-eabi/lib/thumb/v7e-m+fp/hard/libnosys.a
END GROUP
LOAD /home/crepusculumx/st/stm32cubeide_1.7.0_2/plugins/com.st.stm32cube.ide.mcu.externaltools.gnu-tools-for-stm32.9-2020-q2-update.linux64_2.0.0.202105311346/tools/bin/../lib/gcc/arm-none-eabi/9.3.1/thumb/v7e-m+fp/hard/crtend.o
LOAD /home/crepusculumx/st/stm32cubeide_1.7.0_2/plugins/com.st.stm32cube.ide.mcu.externaltools.gnu-tools-for-stm32.9-2020-q2-update.linux64_2.0.0.202105311346/tools/bin/../lib/gcc/arm-none-eabi/9.3.1/thumb/v7e-m+fp/hard/crtn.o
                0x0000000020020000                _estack = (ORIGIN (RAM) + LENGTH (RAM))
                0x0000000000000200                _Min_Heap_Size = 0x200
                0x0000000000000400                _Min_Stack_Size = 0x400

.isr_vector     0x0000000008000000      0x188
                0x0000000008000000                . = ALIGN (0x4)
 *(.isr_vector)
 .isr_vector    0x0000000008000000      0x188 ./Core/Startup/startup_stm32f407zetx.o
                0x0000000008000000                g_pfnVectors
                0x0000000008000188                . = ALIGN (0x4)

.text           0x0000000008000190     0x9c88
                0x0000000008000190                . = ALIGN (0x4)
 *(.text)
 .text          0x0000000008000190       0x40 /home/crepusculumx/st/stm32cubeide_1.7.0_2/plugins/com.st.stm32cube.ide.mcu.externaltools.gnu-tools-for-stm32.9-2020-q2-update.linux64_2.0.0.202105311346/tools/bin/../lib/gcc/arm-none-eabi/9.3.1/thumb/v7e-m+fp/hard/crtbegin.o
 .text          0x00000000080001d0       0x10 /home/crepusculumx/st/stm32cubeide_1.7.0_2/plugins/com.st.stm32cube.ide.mcu.externaltools.gnu-tools-for-stm32.9-2020-q2-update.linux64_2.0.0.202105311346/tools/bin/../lib/gcc/arm-none-eabi/9.3.1/../../../../arm-none-eabi/lib/thumb/v7e-m+fp/hard/libc_nano.a(lib_a-strlen.o)
                0x00000000080001d0                strlen
 .text          0x00000000080001e0       0xa0 /home/crepusculumx/st/stm32cubeide_1.7.0_2/plugins/com.st.stm32cube.ide.mcu.externaltools.gnu-tools-for-stm32.9-2020-q2-update.linux64_2.0.0.202105311346/tools/bin/../lib/gcc/arm-none-eabi/9.3.1/../../../../arm-none-eabi/lib/thumb/v7e-m+fp/hard/libc_nano.a(lib_a-memchr.o)
                0x00000000080001e0                memchr
 .text          0x0000000008000280      0x378 /home/crepusculumx/st/stm32cubeide_1.7.0_2/plugins/com.st.stm32cube.ide.mcu.externaltools.gnu-tools-for-stm32.9-2020-q2-update.linux64_2.0.0.202105311346/tools/bin/../lib/gcc/arm-none-eabi/9.3.1/thumb/v7e-m+fp/hard/libgcc.a(_arm_addsubdf3.o)
                0x0000000008000280                __aeabi_drsub
                0x0000000008000288                __aeabi_dsub
                0x0000000008000288                __subdf3
                0x000000000800028c                __adddf3
                0x000000000800028c                __aeabi_dadd
                0x0000000008000504                __aeabi_ui2d
                0x0000000008000504                __floatunsidf
                0x0000000008000524                __floatsidf
                0x0000000008000524                __aeabi_i2d
                0x0000000008000548                __extendsfdf2
                0x0000000008000548                __aeabi_f2d
                0x000000000800058c                __aeabi_ul2d
                0x000000000800058c                __floatundidf
                0x000000000800059c                __floatdidf
                0x000000000800059c                __aeabi_l2d
 .text          0x00000000080005f8      0x424 /home/crepusculumx/st/stm32cubeide_1.7.0_2/plugins/com.st.stm32cube.ide.mcu.externaltools.gnu-tools-for-stm32.9-2020-q2-update.linux64_2.0.0.202105311346/tools/bin/../lib/gcc/arm-none-eabi/9.3.1/thumb/v7e-m+fp/hard/libgcc.a(_arm_muldivdf3.o)
                0x00000000080005f8                __aeabi_dmul
                0x00000000080005f8                __muldf3
                0x000000000800084c                __aeabi_ddiv
                0x000000000800084c                __divdf3
 .text          0x0000000008000a1c      0x110 /home/crepusculumx/st/stm32cubeide_1.7.0_2/plugins/com.st.stm32cube.ide.mcu.externaltools.gnu-tools-for-stm32.9-2020-q2-update.linux64_2.0.0.202105311346/tools/bin/../lib/gcc/arm-none-eabi/9.3.1/thumb/v7e-m+fp/hard/libgcc.a(_arm_cmpdf2.o)
                0x0000000008000a1c                __gtdf2
                0x0000000008000a1c                __gedf2
                0x0000000008000a24                __ltdf2
                0x0000000008000a24                __ledf2
                0x0000000008000a2c                __cmpdf2
                0x0000000008000a2c                __eqdf2
                0x0000000008000a2c                __nedf2
                0x0000000008000aa8                __aeabi_cdrcmple
                0x0000000008000ab8                __aeabi_cdcmple
                0x0000000008000ab8                __aeabi_cdcmpeq
                0x0000000008000ac8                __aeabi_dcmpeq
                0x0000000008000adc                __aeabi_dcmplt
                0x0000000008000af0                __aeabi_dcmple
                0x0000000008000b04                __aeabi_dcmpge
                0x0000000008000b18                __aeabi_dcmpgt
 .text          0x0000000008000b2c       0x2c /home/crepusculumx/st/stm32cubeide_1.7.0_2/plugins/com.st.stm32cube.ide.mcu.externaltools.gnu-tools-for-stm32.9-2020-q2-update.linux64_2.0.0.202105311346/tools/bin/../lib/gcc/arm-none-eabi/9.3.1/thumb/v7e-m+fp/hard/libgcc.a(_arm_unorddf2.o)
                0x0000000008000b2c                __aeabi_dcmpun
                0x0000000008000b2c                __unorddf2
 .text          0x0000000008000b58       0x50 /home/crepusculumx/st/stm32cubeide_1.7.0_2/plugins/com.st.stm32cube.ide.mcu.externaltools.gnu-tools-for-stm32.9-2020-q2-update.linux64_2.0.0.202105311346/tools/bin/../lib/gcc/arm-none-eabi/9.3.1/thumb/v7e-m+fp/hard/libgcc.a(_arm_fixdfsi.o)
                0x0000000008000b58                __fixdfsi
                0x0000000008000b58                __aeabi_d2iz
 .text          0x0000000008000ba8       0x40 /home/crepusculumx/st/stm32cubeide_1.7.0_2/plugins/com.st.stm32cube.ide.mcu.externaltools.gnu-tools-for-stm32.9-2020-q2-update.linux64_2.0.0.202105311346/tools/bin/../lib/gcc/arm-none-eabi/9.3.1/thumb/v7e-m+fp/hard/libgcc.a(_arm_fixunsdfsi.o)
                0x0000000008000ba8                __fixunsdfsi
                0x0000000008000ba8                __aeabi_d2uiz
 .text          0x0000000008000be8       0xa0 /home/crepusculumx/st/stm32cubeide_1.7.0_2/plugins/com.st.stm32cube.ide.mcu.externaltools.gnu-tools-for-stm32.9-2020-q2-update.linux64_2.0.0.202105311346/tools/bin/../lib/gcc/arm-none-eabi/9.3.1/thumb/v7e-m+fp/hard/libgcc.a(_arm_truncdfsf2.o)
                0x0000000008000be8                __aeabi_d2f
                0x0000000008000be8                __truncdfsf2
 .text          0x0000000008000c88       0x30 /home/crepusculumx/st/stm32cubeide_1.7.0_2/plugins/com.st.stm32cube.ide.mcu.externaltools.gnu-tools-for-stm32.9-2020-q2-update.linux64_2.0.0.202105311346/tools/bin/../lib/gcc/arm-none-eabi/9.3.1/thumb/v7e-m+fp/hard/libgcc.a(_aeabi_uldivmod.o)
                0x0000000008000c88                __aeabi_uldivmod
 .text          0x0000000008000cb8       0x30 /home/crepusculumx/st/stm32cubeide_1.7.0_2/plugins/com.st.stm32cube.ide.mcu.externaltools.gnu-tools-for-stm32.9-2020-q2-update.linux64_2.0.0.202105311346/tools/bin/../lib/gcc/arm-none-eabi/9.3.1/thumb/v7e-m+fp/hard/libgcc.a(_fixdfdi.o)
                0x0000000008000cb8                __aeabi_d2lz
                0x0000000008000cb8                __fixdfdi
 .text          0x0000000008000ce8       0x3c /home/crepusculumx/st/stm32cubeide_1.7.0_2/plugins/com.st.stm32cube.ide.mcu.externaltools.gnu-tools-for-stm32.9-2020-q2-update.linux64_2.0.0.202105311346/tools/bin/../lib/gcc/arm-none-eabi/9.3.1/thumb/v7e-m+fp/hard/libgcc.a(_fixunsdfdi.o)
                0x0000000008000ce8                __aeabi_d2ulz
                0x0000000008000ce8                __fixunsdfdi
 .text          0x0000000008000d24      0x2c4 /home/crepusculumx/st/stm32cubeide_1.7.0_2/plugins/com.st.stm32cube.ide.mcu.externaltools.gnu-tools-for-stm32.9-2020-q2-update.linux64_2.0.0.202105311346/tools/bin/../lib/gcc/arm-none-eabi/9.3.1/thumb/v7e-m+fp/hard/libgcc.a(_udivmoddi4.o)
                0x0000000008000d24                __udivmoddi4
 .text          0x0000000008000fe8        0x4 /home/crepusculumx/st/stm32cubeide_1.7.0_2/plugins/com.st.stm32cube.ide.mcu.externaltools.gnu-tools-for-stm32.9-2020-q2-update.linux64_2.0.0.202105311346/tools/bin/../lib/gcc/arm-none-eabi/9.3.1/thumb/v7e-m+fp/hard/libgcc.a(_dvmd_tls.o)
                0x0000000008000fe8                __aeabi_ldiv0
                0x0000000008000fe8                __aeabi_idiv0
 *(.text*)
 .text.MX_GPIO_Init
                0x0000000008000fec       0xf4 ./Core/Src/gpio.o
                0x0000000008000fec                MX_GPIO_Init
 .text.MX_I2C1_Init
                0x00000000080010e0       0x5c ./Core/Src/i2c.o
                0x00000000080010e0                MX_I2C1_Init
 .text.HAL_I2C_MspInit
                0x000000000800113c       0x90 ./Core/Src/i2c.o
                0x000000000800113c                HAL_I2C_MspInit
 .text.main     0x00000000080011cc       0xa8 ./Core/Src/main.o
                0x00000000080011cc                main
 .text.SystemClock_Config
                0x0000000008001274       0xd4 ./Core/Src/main.o
                0x0000000008001274                SystemClock_Config
 .text.HAL_TIM_PeriodElapsedCallback
                0x0000000008001348       0x38 ./Core/Src/main.o
                0x0000000008001348                HAL_TIM_PeriodElapsedCallback
 .text.HAL_UART_RxCpltCallback
                0x0000000008001380       0x80 ./Core/Src/main.o
                0x0000000008001380                HAL_UART_RxCpltCallback
 .text.Error_Handler
                0x0000000008001400        0xa ./Core/Src/main.o
                0x0000000008001400                Error_Handler
 *fill*         0x000000000800140a        0x2 
 .text.HAL_MspInit
                0x000000000800140c       0x50 ./Core/Src/stm32f4xx_hal_msp.o
                0x000000000800140c                HAL_MspInit
 .text.NMI_Handler
                0x000000000800145c        0x6 ./Core/Src/stm32f4xx_it.o
                0x000000000800145c                NMI_Handler
 .text.HardFault_Handler
                0x0000000008001462        0x6 ./Core/Src/stm32f4xx_it.o
                0x0000000008001462                HardFault_Handler
 .text.MemManage_Handler
                0x0000000008001468        0x6 ./Core/Src/stm32f4xx_it.o
                0x0000000008001468                MemManage_Handler
 .text.BusFault_Handler
                0x000000000800146e        0x6 ./Core/Src/stm32f4xx_it.o
                0x000000000800146e                BusFault_Handler
 .text.UsageFault_Handler
                0x0000000008001474        0x6 ./Core/Src/stm32f4xx_it.o
                0x0000000008001474                UsageFault_Handler
 .text.SVC_Handler
                0x000000000800147a        0xe ./Core/Src/stm32f4xx_it.o
                0x000000000800147a                SVC_Handler
 .text.DebugMon_Handler
                0x0000000008001488        0xe ./Core/Src/stm32f4xx_it.o
                0x0000000008001488                DebugMon_Handler
 .text.PendSV_Handler
                0x0000000008001496        0xe ./Core/Src/stm32f4xx_it.o
                0x0000000008001496                PendSV_Handler
 .text.SysTick_Handler
                0x00000000080014a4        0xc ./Core/Src/stm32f4xx_it.o
                0x00000000080014a4                SysTick_Handler
 .text.USART1_IRQHandler
                0x00000000080014b0       0x14 ./Core/Src/stm32f4xx_it.o
                0x00000000080014b0                USART1_IRQHandler
 .text.TIM6_DAC_IRQHandler
                0x00000000080014c4       0x14 ./Core/Src/stm32f4xx_it.o
                0x00000000080014c4                TIM6_DAC_IRQHandler
 .text.TIM7_IRQHandler
                0x00000000080014d8       0x14 ./Core/Src/stm32f4xx_it.o
                0x00000000080014d8                TIM7_IRQHandler
 .text._getpid  0x00000000080014ec       0x10 ./Core/Src/syscalls.o
                0x00000000080014ec                _getpid
 .text._kill    0x00000000080014fc       0x20 ./Core/Src/syscalls.o
                0x00000000080014fc                _kill
 .text._exit    0x000000000800151c       0x14 ./Core/Src/syscalls.o
                0x000000000800151c                _exit
 .text._read    0x0000000008001530       0x3a ./Core/Src/syscalls.o
                0x0000000008001530                _read
 .text._write   0x000000000800156a       0x38 ./Core/Src/syscalls.o
                0x000000000800156a                _write
 .text._close   0x00000000080015a2       0x18 ./Core/Src/syscalls.o
                0x00000000080015a2                _close
 .text._fstat   0x00000000080015ba       0x20 ./Core/Src/syscalls.o
                0x00000000080015ba                _fstat
 .text._isatty  0x00000000080015da       0x16 ./Core/Src/syscalls.o
                0x00000000080015da                _isatty
 .text._lseek   0x00000000080015f0       0x1a ./Core/Src/syscalls.o
                0x00000000080015f0                _lseek
 *fill*         0x000000000800160a        0x2 
 .text._sbrk    0x000000000800160c       0x6c ./Core/Src/sysmem.o
                0x000000000800160c                _sbrk
 .text.SystemInit
                0x0000000008001678       0x24 ./Core/Src/system_stm32f4xx.o
                0x0000000008001678                SystemInit
 .text.MX_TIM2_Init
                0x000000000800169c       0xa8 ./Core/Src/tim.o
                0x000000000800169c                MX_TIM2_Init
 .text.MX_TIM3_Init
                0x0000000008001744       0xa8 ./Core/Src/tim.o
                0x0000000008001744                MX_TIM3_Init
 .text.MX_TIM4_Init
                0x00000000080017ec       0xb4 ./Core/Src/tim.o
                0x00000000080017ec                MX_TIM4_Init
 .text.MX_TIM6_Init
                0x00000000080018a0       0x6c ./Core/Src/tim.o
                0x00000000080018a0                MX_TIM6_Init
 .text.MX_TIM7_Init
                0x000000000800190c       0x68 ./Core/Src/tim.o
                0x000000000800190c                MX_TIM7_Init
 .text.MX_TIM14_Init
                0x0000000008001974       0x9c ./Core/Src/tim.o
                0x0000000008001974                MX_TIM14_Init
 .text.HAL_TIM_Encoder_MspInit
                0x0000000008001a10       0xf4 ./Core/Src/tim.o
                0x0000000008001a10                HAL_TIM_Encoder_MspInit
 .text.HAL_TIM_PWM_MspInit
                0x0000000008001b04       0x44 ./Core/Src/tim.o
                0x0000000008001b04                HAL_TIM_PWM_MspInit
 .text.HAL_TIM_Base_MspInit
                0x0000000008001b48       0xb8 ./Core/Src/tim.o
                0x0000000008001b48                HAL_TIM_Base_MspInit
 .text.HAL_TIM_MspPostInit
                0x0000000008001c00       0xc8 ./Core/Src/tim.o
                0x0000000008001c00                HAL_TIM_MspPostInit
 .text.MX_USART1_UART_Init
                0x0000000008001cc8       0x54 ./Core/Src/usart.o
                0x0000000008001cc8                MX_USART1_UART_Init
 .text.HAL_UART_MspInit
                0x0000000008001d1c       0xa0 ./Core/Src/usart.o
                0x0000000008001d1c                HAL_UART_MspInit
 .text.__io_putchar
                0x0000000008001dbc       0x24 ./Core/Src/usart.o
                0x0000000008001dbc                __io_putchar
 .text.Reset_Handler
                0x0000000008001de0       0x50 ./Core/Startup/startup_stm32f407zetx.o
                0x0000000008001de0                Reset_Handler
 .text.Default_Handler
                0x0000000008001e30        0x2 ./Core/Startup/startup_stm32f407zetx.o
                0x0000000008001e30                RTC_Alarm_IRQHandler
                0x0000000008001e30                HASH_RNG_IRQHandler
                0x0000000008001e30                EXTI2_IRQHandler
                0x0000000008001e30                TIM8_CC_IRQHandler
                0x0000000008001e30                TIM1_CC_IRQHandler
                0x0000000008001e30                DMA2_Stream5_IRQHandler
                0x0000000008001e30                DMA1_Stream5_IRQHandler
                0x0000000008001e30                PVD_IRQHandler
                0x0000000008001e30                SDIO_IRQHandler
                0x0000000008001e30                TAMP_STAMP_IRQHandler
                0x0000000008001e30                CAN2_RX1_IRQHandler
                0x0000000008001e30                EXTI3_IRQHandler
                0x0000000008001e30                TIM8_TRG_COM_TIM14_IRQHandler
                0x0000000008001e30                TIM1_UP_TIM10_IRQHandler
                0x0000000008001e30                TIM8_UP_TIM13_IRQHandler
                0x0000000008001e30                I2C3_ER_IRQHandler
                0x0000000008001e30                EXTI0_IRQHandler
                0x0000000008001e30                I2C2_EV_IRQHandler
                0x0000000008001e30                DMA1_Stream2_IRQHandler
                0x0000000008001e30                CAN1_RX0_IRQHandler
                0x0000000008001e30                FPU_IRQHandler
                0x0000000008001e30                OTG_HS_WKUP_IRQHandler
                0x0000000008001e30                CAN2_SCE_IRQHandler
                0x0000000008001e30                DMA2_Stream2_IRQHandler
                0x0000000008001e30                SPI1_IRQHandler
                0x0000000008001e30                TIM1_BRK_TIM9_IRQHandler
                0x0000000008001e30                DCMI_IRQHandler
                0x0000000008001e30                CAN2_RX0_IRQHandler
                0x0000000008001e30                DMA2_Stream3_IRQHandler
                0x0000000008001e30                USART6_IRQHandler
                0x0000000008001e30                USART3_IRQHandler
                0x0000000008001e30                CAN1_RX1_IRQHandler
                0x0000000008001e30                UART5_IRQHandler
                0x0000000008001e30                DMA2_Stream0_IRQHandler
                0x0000000008001e30                TIM4_IRQHandler
                0x0000000008001e30                I2C1_EV_IRQHandler
                0x0000000008001e30                DMA1_Stream6_IRQHandler
                0x0000000008001e30                DMA1_Stream1_IRQHandler
                0x0000000008001e30                UART4_IRQHandler
                0x0000000008001e30                TIM3_IRQHandler
                0x0000000008001e30                RCC_IRQHandler
                0x0000000008001e30                TIM8_BRK_TIM12_IRQHandler
                0x0000000008001e30                Default_Handler
                0x0000000008001e30                EXTI15_10_IRQHandler
                0x0000000008001e30                ADC_IRQHandler
                0x0000000008001e30                DMA1_Stream7_IRQHandler
                0x0000000008001e30                CAN2_TX_IRQHandler
                0x0000000008001e30                TIM5_IRQHandler
                0x0000000008001e30                DMA2_Stream7_IRQHandler
                0x0000000008001e30                I2C3_EV_IRQHandler
                0x0000000008001e30                EXTI9_5_IRQHandler
                0x0000000008001e30                RTC_WKUP_IRQHandler
                0x0000000008001e30                ETH_WKUP_IRQHandler
                0x0000000008001e30                SPI2_IRQHandler
                0x0000000008001e30                OTG_HS_EP1_IN_IRQHandler
                0x0000000008001e30                DMA1_Stream0_IRQHandler
                0x0000000008001e30                CAN1_TX_IRQHandler
                0x0000000008001e30                EXTI4_IRQHandler
                0x0000000008001e30                FSMC_IRQHandler
                0x0000000008001e30                ETH_IRQHandler
                0x0000000008001e30                OTG_HS_EP1_OUT_IRQHandler
                0x0000000008001e30                WWDG_IRQHandler
                0x0000000008001e30                TIM2_IRQHandler
                0x0000000008001e30                OTG_FS_WKUP_IRQHandler
                0x0000000008001e30                TIM1_TRG_COM_TIM11_IRQHandler
                0x0000000008001e30                OTG_HS_IRQHandler
                0x0000000008001e30                EXTI1_IRQHandler
                0x0000000008001e30                USART2_IRQHandler
                0x0000000008001e30                I2C2_ER_IRQHandler
                0x0000000008001e30                DMA2_Stream1_IRQHandler
                0x0000000008001e30                CAN1_SCE_IRQHandler
                0x0000000008001e30                FLASH_IRQHandler
                0x0000000008001e30                DMA2_Stream4_IRQHandler
                0x0000000008001e30                OTG_FS_IRQHandler
                0x0000000008001e30                SPI3_IRQHandler
                0x0000000008001e30                DMA1_Stream4_IRQHandler
                0x0000000008001e30                I2C1_ER_IRQHandler
                0x0000000008001e30                DMA2_Stream6_IRQHandler
                0x0000000008001e30                DMA1_Stream3_IRQHandler
 *fill*         0x0000000008001e32        0x2 
 .text.HAL_Init
                0x0000000008001e34       0x44 ./Drivers/STM32F4xx_HAL_Driver/Src/stm32f4xx_hal.o
                0x0000000008001e34                HAL_Init
 .text.HAL_InitTick
                0x0000000008001e78       0x60 ./Drivers/STM32F4xx_HAL_Driver/Src/stm32f4xx_hal.o
                0x0000000008001e78                HAL_InitTick
 .text.HAL_IncTick
                0x0000000008001ed8       0x28 ./Drivers/STM32F4xx_HAL_Driver/Src/stm32f4xx_hal.o
                0x0000000008001ed8                HAL_IncTick
 .text.HAL_GetTick
                0x0000000008001f00       0x18 ./Drivers/STM32F4xx_HAL_Driver/Src/stm32f4xx_hal.o
                0x0000000008001f00                HAL_GetTick
 .text.__NVIC_SetPriorityGrouping
                0x0000000008001f18       0x48 ./Drivers/STM32F4xx_HAL_Driver/Src/stm32f4xx_hal_cortex.o
 .text.__NVIC_GetPriorityGrouping
                0x0000000008001f60       0x1c ./Drivers/STM32F4xx_HAL_Driver/Src/stm32f4xx_hal_cortex.o
 .text.__NVIC_EnableIRQ
                0x0000000008001f7c       0x3c ./Drivers/STM32F4xx_HAL_Driver/Src/stm32f4xx_hal_cortex.o
 .text.__NVIC_SetPriority
                0x0000000008001fb8       0x54 ./Drivers/STM32F4xx_HAL_Driver/Src/stm32f4xx_hal_cortex.o
 .text.NVIC_EncodePriority
                0x000000000800200c       0x66 ./Drivers/STM32F4xx_HAL_Driver/Src/stm32f4xx_hal_cortex.o
 *fill*         0x0000000008002072        0x2 
 .text.SysTick_Config
                0x0000000008002074       0x44 ./Drivers/STM32F4xx_HAL_Driver/Src/stm32f4xx_hal_cortex.o
 .text.HAL_NVIC_SetPriorityGrouping
                0x00000000080020b8       0x16 ./Drivers/STM32F4xx_HAL_Driver/Src/stm32f4xx_hal_cortex.o
                0x00000000080020b8                HAL_NVIC_SetPriorityGrouping
 .text.HAL_NVIC_SetPriority
                0x00000000080020ce       0x38 ./Drivers/STM32F4xx_HAL_Driver/Src/stm32f4xx_hal_cortex.o
                0x00000000080020ce                HAL_NVIC_SetPriority
 .text.HAL_NVIC_EnableIRQ
                0x0000000008002106       0x1c ./Drivers/STM32F4xx_HAL_Driver/Src/stm32f4xx_hal_cortex.o
                0x0000000008002106                HAL_NVIC_EnableIRQ
 .text.HAL_SYSTICK_Config
                0x0000000008002122       0x18 ./Drivers/STM32F4xx_HAL_Driver/Src/stm32f4xx_hal_cortex.o
                0x0000000008002122                HAL_SYSTICK_Config
 .text.HAL_DMA_Abort
                0x000000000800213a       0xe0 ./Drivers/STM32F4xx_HAL_Driver/Src/stm32f4xx_hal_dma.o
                0x000000000800213a                HAL_DMA_Abort
 .text.HAL_DMA_Abort_IT
                0x000000000800221a       0x44 ./Drivers/STM32F4xx_HAL_Driver/Src/stm32f4xx_hal_dma.o
                0x000000000800221a                HAL_DMA_Abort_IT
 *fill*         0x000000000800225e        0x2 
 .text.HAL_GPIO_Init
                0x0000000008002260      0x338 ./Drivers/STM32F4xx_HAL_Driver/Src/stm32f4xx_hal_gpio.o
                0x0000000008002260                HAL_GPIO_Init
 .text.HAL_GPIO_WritePin
                0x0000000008002598       0x32 ./Drivers/STM32F4xx_HAL_Driver/Src/stm32f4xx_hal_gpio.o
                0x0000000008002598                HAL_GPIO_WritePin
 *fill*         0x00000000080025ca        0x2 
 .text.HAL_I2C_Init
                0x00000000080025cc      0x288 ./Drivers/STM32F4xx_HAL_Driver/Src/stm32f4xx_hal_i2c.o
                0x00000000080025cc                HAL_I2C_Init
 .text.HAL_RCC_OscConfig
                0x0000000008002854      0x4f0 ./Drivers/STM32F4xx_HAL_Driver/Src/stm32f4xx_hal_rcc.o
                0x0000000008002854                HAL_RCC_OscConfig
 .text.HAL_RCC_ClockConfig
                0x0000000008002d44      0x1cc ./Drivers/STM32F4xx_HAL_Driver/Src/stm32f4xx_hal_rcc.o
                0x0000000008002d44                HAL_RCC_ClockConfig
 .text.HAL_RCC_GetSysClockFreq
                0x0000000008002f10      0x16c ./Drivers/STM32F4xx_HAL_Driver/Src/stm32f4xx_hal_rcc.o
                0x0000000008002f10                HAL_RCC_GetSysClockFreq
 .text.HAL_RCC_GetHCLKFreq
                0x000000000800307c       0x18 ./Drivers/STM32F4xx_HAL_Driver/Src/stm32f4xx_hal_rcc.o
                0x000000000800307c                HAL_RCC_GetHCLKFreq
 .text.HAL_RCC_GetPCLK1Freq
                0x0000000008003094       0x28 ./Drivers/STM32F4xx_HAL_Driver/Src/stm32f4xx_hal_rcc.o
                0x0000000008003094                HAL_RCC_GetPCLK1Freq
 .text.HAL_RCC_GetPCLK2Freq
                0x00000000080030bc       0x28 ./Drivers/STM32F4xx_HAL_Driver/Src/stm32f4xx_hal_rcc.o
                0x00000000080030bc                HAL_RCC_GetPCLK2Freq
 .text.HAL_TIM_Base_Init
                0x00000000080030e4       0x9e ./Drivers/STM32F4xx_HAL_Driver/Src/stm32f4xx_hal_tim.o
                0x00000000080030e4                HAL_TIM_Base_Init
 *fill*         0x0000000008003182        0x2 
 .text.HAL_TIM_Base_Start_IT
                0x0000000008003184       0xe0 ./Drivers/STM32F4xx_HAL_Driver/Src/stm32f4xx_hal_tim.o
                0x0000000008003184                HAL_TIM_Base_Start_IT
 .text.HAL_TIM_PWM_Init
                0x0000000008003264       0x9e ./Drivers/STM32F4xx_HAL_Driver/Src/stm32f4xx_hal_tim.o
                0x0000000008003264                HAL_TIM_PWM_Init
 *fill*         0x0000000008003302        0x2 
 .text.HAL_TIM_PWM_Start
                0x0000000008003304      0x190 ./Drivers/STM32F4xx_HAL_Driver/Src/stm32f4xx_hal_tim.o
                0x0000000008003304                HAL_TIM_PWM_Start
 .text.HAL_TIM_Encoder_Init
                0x0000000008003494      0x14c ./Drivers/STM32F4xx_HAL_Driver/Src/stm32f4xx_hal_tim.o
                0x0000000008003494                HAL_TIM_Encoder_Init
 .text.HAL_TIM_Encoder_Start
                0x00000000080035e0      0x11c ./Drivers/STM32F4xx_HAL_Driver/Src/stm32f4xx_hal_tim.o
                0x00000000080035e0                HAL_TIM_Encoder_Start
 .text.HAL_TIM_IRQHandler
                0x00000000080036fc      0x210 ./Drivers/STM32F4xx_HAL_Driver/Src/stm32f4xx_hal_tim.o
                0x00000000080036fc                HAL_TIM_IRQHandler
 .text.HAL_TIM_PWM_ConfigChannel
                0x000000000800390c      0x184 ./Drivers/STM32F4xx_HAL_Driver/Src/stm32f4xx_hal_tim.o
                0x000000000800390c                HAL_TIM_PWM_ConfigChannel
 .text.HAL_TIM_OC_DelayElapsedCallback
                0x0000000008003a90       0x14 ./Drivers/STM32F4xx_HAL_Driver/Src/stm32f4xx_hal_tim.o
                0x0000000008003a90                HAL_TIM_OC_DelayElapsedCallback
 .text.HAL_TIM_IC_CaptureCallback
                0x0000000008003aa4       0x14 ./Drivers/STM32F4xx_HAL_Driver/Src/stm32f4xx_hal_tim.o
                0x0000000008003aa4                HAL_TIM_IC_CaptureCallback
 .text.HAL_TIM_PWM_PulseFinishedCallback
                0x0000000008003ab8       0x14 ./Drivers/STM32F4xx_HAL_Driver/Src/stm32f4xx_hal_tim.o
                0x0000000008003ab8                HAL_TIM_PWM_PulseFinishedCallback
 .text.HAL_TIM_TriggerCallback
                0x0000000008003acc       0x14 ./Drivers/STM32F4xx_HAL_Driver/Src/stm32f4xx_hal_tim.o
                0x0000000008003acc                HAL_TIM_TriggerCallback
 .text.TIM_Base_SetConfig
                0x0000000008003ae0      0x140 ./Drivers/STM32F4xx_HAL_Driver/Src/stm32f4xx_hal_tim.o
                0x0000000008003ae0                TIM_Base_SetConfig
 .text.TIM_OC1_SetConfig
                0x0000000008003c20       0xe0 ./Drivers/STM32F4xx_HAL_Driver/Src/stm32f4xx_hal_tim.o
 .text.TIM_OC2_SetConfig
                0x0000000008003d00       0xec ./Drivers/STM32F4xx_HAL_Driver/Src/stm32f4xx_hal_tim.o
                0x0000000008003d00                TIM_OC2_SetConfig
 .text.TIM_OC3_SetConfig
                0x0000000008003dec       0xe8 ./Drivers/STM32F4xx_HAL_Driver/Src/stm32f4xx_hal_tim.o
 .text.TIM_OC4_SetConfig
                0x0000000008003ed4       0xac ./Drivers/STM32F4xx_HAL_Driver/Src/stm32f4xx_hal_tim.o
 .text.TIM_CCxChannelCmd
                0x0000000008003f80       0x4a ./Drivers/STM32F4xx_HAL_Driver/Src/stm32f4xx_hal_tim.o
                0x0000000008003f80                TIM_CCxChannelCmd
 *fill*         0x0000000008003fca        0x2 
 .text.HAL_TIMEx_MasterConfigSynchronization
                0x0000000008003fcc       0xf8 ./Drivers/STM32F4xx_HAL_Driver/Src/stm32f4xx_hal_tim_ex.o
                0x0000000008003fcc                HAL_TIMEx_MasterConfigSynchronization
 .text.HAL_TIMEx_CommutCallback
                0x00000000080040c4       0x14 ./Drivers/STM32F4xx_HAL_Driver/Src/stm32f4xx_hal_tim_ex.o
                0x00000000080040c4                HAL_TIMEx_CommutCallback
 .text.HAL_TIMEx_BreakCallback
                0x00000000080040d8       0x14 ./Drivers/STM32F4xx_HAL_Driver/Src/stm32f4xx_hal_tim_ex.o
                0x00000000080040d8                HAL_TIMEx_BreakCallback
 .text.HAL_UART_Init
                0x00000000080040ec       0x9a ./Drivers/STM32F4xx_HAL_Driver/Src/stm32f4xx_hal_uart.o
                0x00000000080040ec                HAL_UART_Init
 .text.HAL_UART_Transmit
                0x0000000008004186      0x124 ./Drivers/STM32F4xx_HAL_Driver/Src/stm32f4xx_hal_uart.o
                0x0000000008004186                HAL_UART_Transmit
 .text.HAL_UART_Receive_IT
                0x00000000080042aa       0x60 ./Drivers/STM32F4xx_HAL_Driver/Src/stm32f4xx_hal_uart.o
                0x00000000080042aa                HAL_UART_Receive_IT
 *fill*         0x000000000800430a        0x2 
 .text.HAL_UART_IRQHandler
                0x000000000800430c      0x51c ./Drivers/STM32F4xx_HAL_Driver/Src/stm32f4xx_hal_uart.o
                0x000000000800430c                HAL_UART_IRQHandler
 .text.HAL_UART_TxCpltCallback
                0x0000000008004828       0x14 ./Drivers/STM32F4xx_HAL_Driver/Src/stm32f4xx_hal_uart.o
                0x0000000008004828                HAL_UART_TxCpltCallback
 .text.HAL_UART_ErrorCallback
                0x000000000800483c       0x14 ./Drivers/STM32F4xx_HAL_Driver/Src/stm32f4xx_hal_uart.o
                0x000000000800483c                HAL_UART_ErrorCallback
 .text.HAL_UARTEx_RxEventCallback
                0x0000000008004850       0x18 ./Drivers/STM32F4xx_HAL_Driver/Src/stm32f4xx_hal_uart.o
                0x0000000008004850                HAL_UARTEx_RxEventCallback
 .text.UART_WaitOnFlagUntilTimeout
                0x0000000008004868       0xdc ./Drivers/STM32F4xx_HAL_Driver/Src/stm32f4xx_hal_uart.o
 .text.UART_Start_Receive_IT
                0x0000000008004944       0x74 ./Drivers/STM32F4xx_HAL_Driver/Src/stm32f4xx_hal_uart.o
                0x0000000008004944                UART_Start_Receive_IT
 .text.UART_EndRxTransfer
                0x00000000080049b8       0xc6 ./Drivers/STM32F4xx_HAL_Driver/Src/stm32f4xx_hal_uart.o
 .text.UART_DMAAbortOnError
                0x0000000008004a7e       0x28 ./Drivers/STM32F4xx_HAL_Driver/Src/stm32f4xx_hal_uart.o
 .text.UART_Transmit_IT
                0x0000000008004aa6       0xa0 ./Drivers/STM32F4xx_HAL_Driver/Src/stm32f4xx_hal_uart.o
 .text.UART_EndTransmit_IT
                0x0000000008004b46       0x30 ./Drivers/STM32F4xx_HAL_Driver/Src/stm32f4xx_hal_uart.o
 .text.UART_Receive_IT
                0x0000000008004b76      0x176 ./Drivers/STM32F4xx_HAL_Driver/Src/stm32f4xx_hal_uart.o
 .text.UART_SetConfig
                0x0000000008004cec      0x390 ./Drivers/STM32F4xx_HAL_Driver/Src/stm32f4xx_hal_uart.o
 .text.Angular_init
                0x000000000800507c       0x24 ./HARDWARE/angular/angular.o
                0x000000000800507c                Angular_init
 .text.Angular_get_cur_angle
                0x00000000080050a0       0x1c ./HARDWARE/angular/angular.o
                0x00000000080050a0                Angular_get_cur_angle
 .text.Controller_init
                0x00000000080050bc       0x32 ./HARDWARE/controller/controller.o
                0x00000000080050bc                Controller_init
 *fill*         0x00000000080050ee        0x2 
 .text.Controller_pid
                0x00000000080050f0      0x100 ./HARDWARE/controller/controller.o
                0x00000000080050f0                Controller_pid
 .text.max      0x00000000080051f0       0x20 ./HARDWARE/motor/motor.o
                0x00000000080051f0                max
 .text.min      0x0000000008005210       0x20 ./HARDWARE/motor/motor.o
                0x0000000008005210                min
 .text.Motor_init
                0x0000000008005230       0xb2 ./HARDWARE/motor/motor.o
                0x0000000008005230                Motor_init
 .text.Motor_set_pwm
                0x00000000080052e2       0x74 ./HARDWARE/motor/motor.o
                0x00000000080052e2                Motor_set_pwm
 .text.Motor_set_dir
                0x0000000008005356       0x42 ./HARDWARE/motor/motor.o
                0x0000000008005356                Motor_set_dir
 .text.Motor_set_cur_state
                0x0000000008005398       0x20 ./HARDWARE/motor/motor.o
                0x0000000008005398                Motor_set_cur_state
 .text.Motor_set_target_state
                0x00000000080053b8       0xb8 ./HARDWARE/motor/motor.o
                0x00000000080053b8                Motor_set_target_state
 .text.Motor_update_cur_state
                0x0000000008005470       0xe0 ./HARDWARE/motor/motor.o
                0x0000000008005470                Motor_update_cur_state
 .text.__errno  0x0000000008005550        0xc /home/crepusculumx/st/stm32cubeide_1.7.0_2/plugins/com.st.stm32cube.ide.mcu.externaltools.gnu-tools-for-stm32.9-2020-q2-update.linux64_2.0.0.202105311346/tools/bin/../lib/gcc/arm-none-eabi/9.3.1/../../../../arm-none-eabi/lib/thumb/v7e-m+fp/hard/libc_nano.a(lib_a-errno.o)
                0x0000000008005550                __errno
 .text.__libc_init_array
                0x000000000800555c       0x48 /home/crepusculumx/st/stm32cubeide_1.7.0_2/plugins/com.st.stm32cube.ide.mcu.externaltools.gnu-tools-for-stm32.9-2020-q2-update.linux64_2.0.0.202105311346/tools/bin/../lib/gcc/arm-none-eabi/9.3.1/../../../../arm-none-eabi/lib/thumb/v7e-m+fp/hard/libc_nano.a(lib_a-init.o)
                0x000000000800555c                __libc_init_array
 .text.memset   0x00000000080055a4       0x10 /home/crepusculumx/st/stm32cubeide_1.7.0_2/plugins/com.st.stm32cube.ide.mcu.externaltools.gnu-tools-for-stm32.9-2020-q2-update.linux64_2.0.0.202105311346/tools/bin/../lib/gcc/arm-none-eabi/9.3.1/../../../../arm-none-eabi/lib/thumb/v7e-m+fp/hard/libc_nano.a(lib_a-memset.o)
                0x00000000080055a4                memset
 .text.__cvt    0x00000000080055b4       0xc4 /home/crepusculumx/st/stm32cubeide_1.7.0_2/plugins/com.st.stm32cube.ide.mcu.externaltools.gnu-tools-for-stm32.9-2020-q2-update.linux64_2.0.0.202105311346/tools/bin/../lib/gcc/arm-none-eabi/9.3.1/../../../../arm-none-eabi/lib/thumb/v7e-m+fp/hard/libc_nano.a(lib_a-nano-vfprintf_float.o)
                0x00000000080055b4                __cvt
 .text.__exponent
                0x0000000008005678       0x7c /home/crepusculumx/st/stm32cubeide_1.7.0_2/plugins/com.st.stm32cube.ide.mcu.externaltools.gnu-tools-for-stm32.9-2020-q2-update.linux64_2.0.0.202105311346/tools/bin/../lib/gcc/arm-none-eabi/9.3.1/../../../../arm-none-eabi/lib/thumb/v7e-m+fp/hard/libc_nano.a(lib_a-nano-vfprintf_float.o)
                0x0000000008005678                __exponent
 .text._printf_float
                0x00000000080056f4      0x46c /home/crepusculumx/st/stm32cubeide_1.7.0_2/plugins/com.st.stm32cube.ide.mcu.externaltools.gnu-tools-for-stm32.9-2020-q2-update.linux64_2.0.0.202105311346/tools/bin/../lib/gcc/arm-none-eabi/9.3.1/../../../../arm-none-eabi/lib/thumb/v7e-m+fp/hard/libc_nano.a(lib_a-nano-vfprintf_float.o)
                0x00000000080056f4                _printf_float
 .text._printf_common
                0x0000000008005b60       0xda /home/crepusculumx/st/stm32cubeide_1.7.0_2/plugins/com.st.stm32cube.ide.mcu.externaltools.gnu-tools-for-stm32.9-2020-q2-update.linux64_2.0.0.202105311346/tools/bin/../lib/gcc/arm-none-eabi/9.3.1/../../../../arm-none-eabi/lib/thumb/v7e-m+fp/hard/libc_nano.a(lib_a-nano-vfprintf_i.o)
                0x0000000008005b60                _printf_common
 *fill*         0x0000000008005c3a        0x2 
 .text._printf_i
                0x0000000008005c3c      0x24c /home/crepusculumx/st/stm32cubeide_1.7.0_2/plugins/com.st.stm32cube.ide.mcu.externaltools.gnu-tools-for-stm32.9-2020-q2-update.linux64_2.0.0.202105311346/tools/bin/../lib/gcc/arm-none-eabi/9.3.1/../../../../arm-none-eabi/lib/thumb/v7e-m+fp/hard/libc_nano.a(lib_a-nano-vfprintf_i.o)
                0x0000000008005c3c                _printf_i
 .text._scanf_float
                0x0000000008005e88      0x420 /home/crepusculumx/st/stm32cubeide_1.7.0_2/plugins/com.st.stm32cube.ide.mcu.externaltools.gnu-tools-for-stm32.9-2020-q2-update.linux64_2.0.0.202105311346/tools/bin/../lib/gcc/arm-none-eabi/9.3.1/../../../../arm-none-eabi/lib/thumb/v7e-m+fp/hard/libc_nano.a(lib_a-nano-vfscanf_float.o)
                0x0000000008005e88                _scanf_float
 .text.nanf     0x00000000080062a8        0xc /home/crepusculumx/st/stm32cubeide_1.7.0_2/plugins/com.st.stm32cube.ide.mcu.externaltools.gnu-tools-for-stm32.9-2020-q2-update.linux64_2.0.0.202105311346/tools/bin/../lib/gcc/arm-none-eabi/9.3.1/../../../../arm-none-eabi/lib/thumb/v7e-m+fp/hard/libc_nano.a(lib_a-sf_nan.o)
                0x00000000080062a8                nanf
 .text.sprintf  0x00000000080062b4       0x40 /home/crepusculumx/st/stm32cubeide_1.7.0_2/plugins/com.st.stm32cube.ide.mcu.externaltools.gnu-tools-for-stm32.9-2020-q2-update.linux64_2.0.0.202105311346/tools/bin/../lib/gcc/arm-none-eabi/9.3.1/../../../../arm-none-eabi/lib/thumb/v7e-m+fp/hard/libc_nano.a(lib_a-sprintf.o)
                0x00000000080062b4                sprintf
                0x00000000080062b4                siprintf
 .text.sulp     0x00000000080062f4       0x38 /home/crepusculumx/st/stm32cubeide_1.7.0_2/plugins/com.st.stm32cube.ide.mcu.externaltools.gnu-tools-for-stm32.9-2020-q2-update.linux64_2.0.0.202105311346/tools/bin/../lib/gcc/arm-none-eabi/9.3.1/../../../../arm-none-eabi/lib/thumb/v7e-m+fp/hard/libc_nano.a(lib_a-strtod.o)
 *fill*         0x000000000800632c        0x4 
 .text._strtod_l
                0x0000000008006330      0xc14 /home/crepusculumx/st/stm32cubeide_1.7.0_2/plugins/com.st.stm32cube.ide.mcu.externaltools.gnu-tools-for-stm32.9-2020-q2-update.linux64_2.0.0.202105311346/tools/bin/../lib/gcc/arm-none-eabi/9.3.1/../../../../arm-none-eabi/lib/thumb/v7e-m+fp/hard/libc_nano.a(lib_a-strtod.o)
                0x0000000008006330                _strtod_l
 .text._strtod_r
                0x0000000008006f44        0xc /home/crepusculumx/st/stm32cubeide_1.7.0_2/plugins/com.st.stm32cube.ide.mcu.externaltools.gnu-tools-for-stm32.9-2020-q2-update.linux64_2.0.0.202105311346/tools/bin/../lib/gcc/arm-none-eabi/9.3.1/../../../../arm-none-eabi/lib/thumb/v7e-m+fp/hard/libc_nano.a(lib_a-strtod.o)
                0x0000000008006f44                _strtod_r
 .text._strtol_l.isra.0
                0x0000000008006f50      0x108 /home/crepusculumx/st/stm32cubeide_1.7.0_2/plugins/com.st.stm32cube.ide.mcu.externaltools.gnu-tools-for-stm32.9-2020-q2-update.linux64_2.0.0.202105311346/tools/bin/../lib/gcc/arm-none-eabi/9.3.1/../../../../arm-none-eabi/lib/thumb/v7e-m+fp/hard/libc_nano.a(lib_a-strtol.o)
 .text._strtol_r
                0x0000000008007058        0x4 /home/crepusculumx/st/stm32cubeide_1.7.0_2/plugins/com.st.stm32cube.ide.mcu.externaltools.gnu-tools-for-stm32.9-2020-q2-update.linux64_2.0.0.202105311346/tools/bin/../lib/gcc/arm-none-eabi/9.3.1/../../../../arm-none-eabi/lib/thumb/v7e-m+fp/hard/libc_nano.a(lib_a-strtol.o)
                0x0000000008007058                _strtol_r
 .text.quorem   0x000000000800705c      0x116 /home/crepusculumx/st/stm32cubeide_1.7.0_2/plugins/com.st.stm32cube.ide.mcu.externaltools.gnu-tools-for-stm32.9-2020-q2-update.linux64_2.0.0.202105311346/tools/bin/../lib/gcc/arm-none-eabi/9.3.1/../../../../arm-none-eabi/lib/thumb/v7e-m+fp/hard/libc_nano.a(lib_a-dtoa.o)
 *fill*         0x0000000008007172        0x6 
 .text._dtoa_r  0x0000000008007178      0xbd8 /home/crepusculumx/st/stm32cubeide_1.7.0_2/plugins/com.st.stm32cube.ide.mcu.externaltools.gnu-tools-for-stm32.9-2020-q2-update.linux64_2.0.0.202105311346/tools/bin/../lib/gcc/arm-none-eabi/9.3.1/../../../../arm-none-eabi/lib/thumb/v7e-m+fp/hard/libc_nano.a(lib_a-dtoa.o)
                0x0000000008007178                _dtoa_r
 .text.rshift   0x0000000008007d50       0xa4 /home/crepusculumx/st/stm32cubeide_1.7.0_2/plugins/com.st.stm32cube.ide.mcu.externaltools.gnu-tools-for-stm32.9-2020-q2-update.linux64_2.0.0.202105311346/tools/bin/../lib/gcc/arm-none-eabi/9.3.1/../../../../arm-none-eabi/lib/thumb/v7e-m+fp/hard/libc_nano.a(lib_a-gdtoa-gethex.o)
 .text.__hexdig_fun
                0x0000000008007df4       0x2a /home/crepusculumx/st/stm32cubeide_1.7.0_2/plugins/com.st.stm32cube.ide.mcu.externaltools.gnu-tools-for-stm32.9-2020-q2-update.linux64_2.0.0.202105311346/tools/bin/../lib/gcc/arm-none-eabi/9.3.1/../../../../arm-none-eabi/lib/thumb/v7e-m+fp/hard/libc_nano.a(lib_a-gdtoa-gethex.o)
                0x0000000008007df4                __hexdig_fun
 *fill*         0x0000000008007e1e        0x2 
 .text.__gethex
                0x0000000008007e20      0x48c /home/crepusculumx/st/stm32cubeide_1.7.0_2/plugins/com.st.stm32cube.ide.mcu.externaltools.gnu-tools-for-stm32.9-2020-q2-update.linux64_2.0.0.202105311346/tools/bin/../lib/gcc/arm-none-eabi/9.3.1/../../../../arm-none-eabi/lib/thumb/v7e-m+fp/hard/libc_nano.a(lib_a-gdtoa-gethex.o)
                0x0000000008007e20                __gethex
 .text.L_shift  0x00000000080082ac       0x24 /home/crepusculumx/st/stm32cubeide_1.7.0_2/plugins/com.st.stm32cube.ide.mcu.externaltools.gnu-tools-for-stm32.9-2020-q2-update.linux64_2.0.0.202105311346/tools/bin/../lib/gcc/arm-none-eabi/9.3.1/../../../../arm-none-eabi/lib/thumb/v7e-m+fp/hard/libc_nano.a(lib_a-gdtoa-hexnan.o)
 .text.__match  0x00000000080082d0       0x28 /home/crepusculumx/st/stm32cubeide_1.7.0_2/plugins/com.st.stm32cube.ide.mcu.externaltools.gnu-tools-for-stm32.9-2020-q2-update.linux64_2.0.0.202105311346/tools/bin/../lib/gcc/arm-none-eabi/9.3.1/../../../../arm-none-eabi/lib/thumb/v7e-m+fp/hard/libc_nano.a(lib_a-gdtoa-hexnan.o)
                0x00000000080082d0                __match
 .text.__hexnan
                0x00000000080082f8      0x138 /home/crepusculumx/st/stm32cubeide_1.7.0_2/plugins/com.st.stm32cube.ide.mcu.externaltools.gnu-tools-for-stm32.9-2020-q2-update.linux64_2.0.0.202105311346/tools/bin/../lib/gcc/arm-none-eabi/9.3.1/../../../../arm-none-eabi/lib/thumb/v7e-m+fp/hard/libc_nano.a(lib_a-gdtoa-hexnan.o)
                0x00000000080082f8                __hexnan
 .text._localeconv_r
                0x0000000008008430        0x8 /home/crepusculumx/st/stm32cubeide_1.7.0_2/plugins/com.st.stm32cube.ide.mcu.externaltools.gnu-tools-for-stm32.9-2020-q2-update.linux64_2.0.0.202105311346/tools/bin/../lib/gcc/arm-none-eabi/9.3.1/../../../../arm-none-eabi/lib/thumb/v7e-m+fp/hard/libc_nano.a(lib_a-localeconv.o)
                0x0000000008008430                _localeconv_r
 .text.malloc   0x0000000008008438       0x10 /home/crepusculumx/st/stm32cubeide_1.7.0_2/plugins/com.st.stm32cube.ide.mcu.externaltools.gnu-tools-for-stm32.9-2020-q2-update.linux64_2.0.0.202105311346/tools/bin/../lib/gcc/arm-none-eabi/9.3.1/../../../../arm-none-eabi/lib/thumb/v7e-m+fp/hard/libc_nano.a(lib_a-malloc.o)
                0x0000000008008438                malloc
 .text.__ascii_mbtowc
                0x0000000008008448       0x24 /home/crepusculumx/st/stm32cubeide_1.7.0_2/plugins/com.st.stm32cube.ide.mcu.externaltools.gnu-tools-for-stm32.9-2020-q2-update.linux64_2.0.0.202105311346/tools/bin/../lib/gcc/arm-none-eabi/9.3.1/../../../../arm-none-eabi/lib/thumb/v7e-m+fp/hard/libc_nano.a(lib_a-mbtowc_r.o)
                0x0000000008008448                __ascii_mbtowc
 .text.memcpy   0x000000000800846c       0x1c /home/crepusculumx/st/stm32cubeide_1.7.0_2/plugins/com.st.stm32cube.ide.mcu.externaltools.gnu-tools-for-stm32.9-2020-q2-update.linux64_2.0.0.202105311346/tools/bin/../lib/gcc/arm-none-eabi/9.3.1/../../../../arm-none-eabi/lib/thumb/v7e-m+fp/hard/libc_nano.a(lib_a-memcpy-stub.o)
                0x000000000800846c                memcpy
 .text._Balloc  0x0000000008008488       0x80 /home/crepusculumx/st/stm32cubeide_1.7.0_2/plugins/com.st.stm32cube.ide.mcu.externaltools.gnu-tools-for-stm32.9-2020-q2-update.linux64_2.0.0.202105311346/tools/bin/../lib/gcc/arm-none-eabi/9.3.1/../../../../arm-none-eabi/lib/thumb/v7e-m+fp/hard/libc_nano.a(lib_a-mprec.o)
                0x0000000008008488                _Balloc
 .text._Bfree   0x0000000008008508       0x44 /home/crepusculumx/st/stm32cubeide_1.7.0_2/plugins/com.st.stm32cube.ide.mcu.externaltools.gnu-tools-for-stm32.9-2020-q2-update.linux64_2.0.0.202105311346/tools/bin/../lib/gcc/arm-none-eabi/9.3.1/../../../../arm-none-eabi/lib/thumb/v7e-m+fp/hard/libc_nano.a(lib_a-mprec.o)
                0x0000000008008508                _Bfree
 .text.__multadd
                0x000000000800854c       0x94 /home/crepusculumx/st/stm32cubeide_1.7.0_2/plugins/com.st.stm32cube.ide.mcu.externaltools.gnu-tools-for-stm32.9-2020-q2-update.linux64_2.0.0.202105311346/tools/bin/../lib/gcc/arm-none-eabi/9.3.1/../../../../arm-none-eabi/lib/thumb/v7e-m+fp/hard/libc_nano.a(lib_a-mprec.o)
                0x000000000800854c                __multadd
 .text.__s2b    0x00000000080085e0       0x94 /home/crepusculumx/st/stm32cubeide_1.7.0_2/plugins/com.st.stm32cube.ide.mcu.externaltools.gnu-tools-for-stm32.9-2020-q2-update.linux64_2.0.0.202105311346/tools/bin/../lib/gcc/arm-none-eabi/9.3.1/../../../../arm-none-eabi/lib/thumb/v7e-m+fp/hard/libc_nano.a(lib_a-mprec.o)
                0x00000000080085e0                __s2b
 .text.__hi0bits
                0x0000000008008674       0x40 /home/crepusculumx/st/stm32cubeide_1.7.0_2/plugins/com.st.stm32cube.ide.mcu.externaltools.gnu-tools-for-stm32.9-2020-q2-update.linux64_2.0.0.202105311346/tools/bin/../lib/gcc/arm-none-eabi/9.3.1/../../../../arm-none-eabi/lib/thumb/v7e-m+fp/hard/libc_nano.a(lib_a-mprec.o)
                0x0000000008008674                __hi0bits
 .text.__lo0bits
                0x00000000080086b4       0x60 /home/crepusculumx/st/stm32cubeide_1.7.0_2/plugins/com.st.stm32cube.ide.mcu.externaltools.gnu-tools-for-stm32.9-2020-q2-update.linux64_2.0.0.202105311346/tools/bin/../lib/gcc/arm-none-eabi/9.3.1/../../../../arm-none-eabi/lib/thumb/v7e-m+fp/hard/libc_nano.a(lib_a-mprec.o)
                0x00000000080086b4                __lo0bits
 .text.__i2b    0x0000000008008714       0x2c /home/crepusculumx/st/stm32cubeide_1.7.0_2/plugins/com.st.stm32cube.ide.mcu.externaltools.gnu-tools-for-stm32.9-2020-q2-update.linux64_2.0.0.202105311346/tools/bin/../lib/gcc/arm-none-eabi/9.3.1/../../../../arm-none-eabi/lib/thumb/v7e-m+fp/hard/libc_nano.a(lib_a-mprec.o)
                0x0000000008008714                __i2b
 .text.__multiply
                0x0000000008008740      0x14c /home/crepusculumx/st/stm32cubeide_1.7.0_2/plugins/com.st.stm32cube.ide.mcu.externaltools.gnu-tools-for-stm32.9-2020-q2-update.linux64_2.0.0.202105311346/tools/bin/../lib/gcc/arm-none-eabi/9.3.1/../../../../arm-none-eabi/lib/thumb/v7e-m+fp/hard/libc_nano.a(lib_a-mprec.o)
                0x0000000008008740                __multiply
 .text.__pow5mult
                0x000000000800888c       0xb4 /home/crepusculumx/st/stm32cubeide_1.7.0_2/plugins/com.st.stm32cube.ide.mcu.externaltools.gnu-tools-for-stm32.9-2020-q2-update.linux64_2.0.0.202105311346/tools/bin/../lib/gcc/arm-none-eabi/9.3.1/../../../../arm-none-eabi/lib/thumb/v7e-m+fp/hard/libc_nano.a(lib_a-mprec.o)
                0x000000000800888c                __pow5mult
 .text.__lshift
                0x0000000008008940       0xd8 /home/crepusculumx/st/stm32cubeide_1.7.0_2/plugins/com.st.stm32cube.ide.mcu.externaltools.gnu-tools-for-stm32.9-2020-q2-update.linux64_2.0.0.202105311346/tools/bin/../lib/gcc/arm-none-eabi/9.3.1/../../../../arm-none-eabi/lib/thumb/v7e-m+fp/hard/libc_nano.a(lib_a-mprec.o)
                0x0000000008008940                __lshift
 .text.__mcmp   0x0000000008008a18       0x38 /home/crepusculumx/st/stm32cubeide_1.7.0_2/plugins/com.st.stm32cube.ide.mcu.externaltools.gnu-tools-for-stm32.9-2020-q2-update.linux64_2.0.0.202105311346/tools/bin/../lib/gcc/arm-none-eabi/9.3.1/../../../../arm-none-eabi/lib/thumb/v7e-m+fp/hard/libc_nano.a(lib_a-mprec.o)
                0x0000000008008a18                __mcmp
 .text.__mdiff  0x0000000008008a50      0x110 /home/crepusculumx/st/stm32cubeide_1.7.0_2/plugins/com.st.stm32cube.ide.mcu.externaltools.gnu-tools-for-stm32.9-2020-q2-update.linux64_2.0.0.202105311346/tools/bin/../lib/gcc/arm-none-eabi/9.3.1/../../../../arm-none-eabi/lib/thumb/v7e-m+fp/hard/libc_nano.a(lib_a-mprec.o)
                0x0000000008008a50                __mdiff
 .text.__ulp    0x0000000008008b60       0x58 /home/crepusculumx/st/stm32cubeide_1.7.0_2/plugins/com.st.stm32cube.ide.mcu.externaltools.gnu-tools-for-stm32.9-2020-q2-update.linux64_2.0.0.202105311346/tools/bin/../lib/gcc/arm-none-eabi/9.3.1/../../../../arm-none-eabi/lib/thumb/v7e-m+fp/hard/libc_nano.a(lib_a-mprec.o)
                0x0000000008008b60                __ulp
 .text.__b2d    0x0000000008008bb8       0xa0 /home/crepusculumx/st/stm32cubeide_1.7.0_2/plugins/com.st.stm32cube.ide.mcu.externaltools.gnu-tools-for-stm32.9-2020-q2-update.linux64_2.0.0.202105311346/tools/bin/../lib/gcc/arm-none-eabi/9.3.1/../../../../arm-none-eabi/lib/thumb/v7e-m+fp/hard/libc_nano.a(lib_a-mprec.o)
                0x0000000008008bb8                __b2d
 .text.__d2b    0x0000000008008c58       0xb8 /home/crepusculumx/st/stm32cubeide_1.7.0_2/plugins/com.st.stm32cube.ide.mcu.externaltools.gnu-tools-for-stm32.9-2020-q2-update.linux64_2.0.0.202105311346/tools/bin/../lib/gcc/arm-none-eabi/9.3.1/../../../../arm-none-eabi/lib/thumb/v7e-m+fp/hard/libc_nano.a(lib_a-mprec.o)
                0x0000000008008c58                __d2b
 .text.__ratio  0x0000000008008d10       0x66 /home/crepusculumx/st/stm32cubeide_1.7.0_2/plugins/com.st.stm32cube.ide.mcu.externaltools.gnu-tools-for-stm32.9-2020-q2-update.linux64_2.0.0.202105311346/tools/bin/../lib/gcc/arm-none-eabi/9.3.1/../../../../arm-none-eabi/lib/thumb/v7e-m+fp/hard/libc_nano.a(lib_a-mprec.o)
                0x0000000008008d10                __ratio
 .text.__copybits
                0x0000000008008d76       0x46 /home/crepusculumx/st/stm32cubeide_1.7.0_2/plugins/com.st.stm32cube.ide.mcu.externaltools.gnu-tools-for-stm32.9-2020-q2-update.linux64_2.0.0.202105311346/tools/bin/../lib/gcc/arm-none-eabi/9.3.1/../../../../arm-none-eabi/lib/thumb/v7e-m+fp/hard/libc_nano.a(lib_a-mprec.o)
                0x0000000008008d76                __copybits
 .text.__any_on
                0x0000000008008dbc       0x42 /home/crepusculumx/st/stm32cubeide_1.7.0_2/plugins/com.st.stm32cube.ide.mcu.externaltools.gnu-tools-for-stm32.9-2020-q2-update.linux64_2.0.0.202105311346/tools/bin/../lib/gcc/arm-none-eabi/9.3.1/../../../../arm-none-eabi/lib/thumb/v7e-m+fp/hard/libc_nano.a(lib_a-mprec.o)
                0x0000000008008dbc                __any_on
 .text._calloc_r
                0x0000000008008dfe       0x1e /home/crepusculumx/st/stm32cubeide_1.7.0_2/plugins/com.st.stm32cube.ide.mcu.externaltools.gnu-tools-for-stm32.9-2020-q2-update.linux64_2.0.0.202105311346/tools/bin/../lib/gcc/arm-none-eabi/9.3.1/../../../../arm-none-eabi/lib/thumb/v7e-m+fp/hard/libc_nano.a(lib_a-nano-callocr.o)
                0x0000000008008dfe                _calloc_r
 .text._free_r  0x0000000008008e1c       0xa0 /home/crepusculumx/st/stm32cubeide_1.7.0_2/plugins/com.st.stm32cube.ide.mcu.externaltools.gnu-tools-for-stm32.9-2020-q2-update.linux64_2.0.0.202105311346/tools/bin/../lib/gcc/arm-none-eabi/9.3.1/../../../../arm-none-eabi/lib/thumb/v7e-m+fp/hard/libc_nano.a(lib_a-nano-freer.o)
                0x0000000008008e1c                _free_r
 .text._malloc_r
                0x0000000008008ebc       0xb4 /home/crepusculumx/st/stm32cubeide_1.7.0_2/plugins/com.st.stm32cube.ide.mcu.externaltools.gnu-tools-for-stm32.9-2020-q2-update.linux64_2.0.0.202105311346/tools/bin/../lib/gcc/arm-none-eabi/9.3.1/../../../../arm-none-eabi/lib/thumb/v7e-m+fp/hard/libc_nano.a(lib_a-nano-mallocr.o)
                0x0000000008008ebc                _malloc_r
 .text.__ssputs_r
                0x0000000008008f70       0xb6 /home/crepusculumx/st/stm32cubeide_1.7.0_2/plugins/com.st.stm32cube.ide.mcu.externaltools.gnu-tools-for-stm32.9-2020-q2-update.linux64_2.0.0.202105311346/tools/bin/../lib/gcc/arm-none-eabi/9.3.1/../../../../arm-none-eabi/lib/thumb/v7e-m+fp/hard/libc_nano.a(lib_a-nano-svfprintf.o)
                0x0000000008008f70                __ssputs_r
 *fill*         0x0000000008009026        0x2 
 .text._svfprintf_r
                0x0000000008009028      0x200 /home/crepusculumx/st/stm32cubeide_1.7.0_2/plugins/com.st.stm32cube.ide.mcu.externaltools.gnu-tools-for-stm32.9-2020-q2-update.linux64_2.0.0.202105311346/tools/bin/../lib/gcc/arm-none-eabi/9.3.1/../../../../arm-none-eabi/lib/thumb/v7e-m+fp/hard/libc_nano.a(lib_a-nano-svfprintf.o)
                0x0000000008009028                _svfprintf_r
                0x0000000008009028                _svfiprintf_r
 .text.nan      0x0000000008009228       0x10 /home/crepusculumx/st/stm32cubeide_1.7.0_2/plugins/com.st.stm32cube.ide.mcu.externaltools.gnu-tools-for-stm32.9-2020-q2-update.linux64_2.0.0.202105311346/tools/bin/../lib/gcc/arm-none-eabi/9.3.1/../../../../arm-none-eabi/lib/thumb/v7e-m+fp/hard/libc_nano.a(lib_a-s_nan.o)
                0x0000000008009228                nan
 .text._sbrk_r  0x0000000008009238       0x20 /home/crepusculumx/st/stm32cubeide_1.7.0_2/plugins/com.st.stm32cube.ide.mcu.externaltools.gnu-tools-for-stm32.9-2020-q2-update.linux64_2.0.0.202105311346/tools/bin/../lib/gcc/arm-none-eabi/9.3.1/../../../../arm-none-eabi/lib/thumb/v7e-m+fp/hard/libc_nano.a(lib_a-sbrkr.o)
                0x0000000008009238                _sbrk_r
 .text.strncmp  0x0000000008009258       0x24 /home/crepusculumx/st/stm32cubeide_1.7.0_2/plugins/com.st.stm32cube.ide.mcu.externaltools.gnu-tools-for-stm32.9-2020-q2-update.linux64_2.0.0.202105311346/tools/bin/../lib/gcc/arm-none-eabi/9.3.1/../../../../arm-none-eabi/lib/thumb/v7e-m+fp/hard/libc_nano.a(lib_a-strncmp.o)
                0x0000000008009258                strncmp
 .text.__ascii_wctomb
                0x000000000800927c       0x1a /home/crepusculumx/st/stm32cubeide_1.7.0_2/plugins/com.st.stm32cube.ide.mcu.externaltools.gnu-tools-for-stm32.9-2020-q2-update.linux64_2.0.0.202105311346/tools/bin/../lib/gcc/arm-none-eabi/9.3.1/../../../../arm-none-eabi/lib/thumb/v7e-m+fp/hard/libc_nano.a(lib_a-wctomb_r.o)
                0x000000000800927c                __ascii_wctomb
 *fill*         0x0000000008009296        0x2 
 .text.__assert_func
                0x0000000008009298       0x3c /home/crepusculumx/st/stm32cubeide_1.7.0_2/plugins/com.st.stm32cube.ide.mcu.externaltools.gnu-tools-for-stm32.9-2020-q2-update.linux64_2.0.0.202105311346/tools/bin/../lib/gcc/arm-none-eabi/9.3.1/../../../../arm-none-eabi/lib/thumb/v7e-m+fp/hard/libc_nano.a(lib_a-assert.o)
                0x0000000008009298                __assert_func
 .text.fprintf  0x00000000080092d4       0x24 /home/crepusculumx/st/stm32cubeide_1.7.0_2/plugins/com.st.stm32cube.ide.mcu.externaltools.gnu-tools-for-stm32.9-2020-q2-update.linux64_2.0.0.202105311346/tools/bin/../lib/gcc/arm-none-eabi/9.3.1/../../../../arm-none-eabi/lib/thumb/v7e-m+fp/hard/libc_nano.a(lib_a-fprintf.o)
                0x00000000080092d4                fprintf
                0x00000000080092d4                fiprintf
 .text.memmove  0x00000000080092f8       0x34 /home/crepusculumx/st/stm32cubeide_1.7.0_2/plugins/com.st.stm32cube.ide.mcu.externaltools.gnu-tools-for-stm32.9-2020-q2-update.linux64_2.0.0.202105311346/tools/bin/../lib/gcc/arm-none-eabi/9.3.1/../../../../arm-none-eabi/lib/thumb/v7e-m+fp/hard/libc_nano.a(lib_a-memmove.o)
                0x00000000080092f8                memmove
 .text.__malloc_lock
                0x000000000800932c        0xc /home/crepusculumx/st/stm32cubeide_1.7.0_2/plugins/com.st.stm32cube.ide.mcu.externaltools.gnu-tools-for-stm32.9-2020-q2-update.linux64_2.0.0.202105311346/tools/bin/../lib/gcc/arm-none-eabi/9.3.1/../../../../arm-none-eabi/lib/thumb/v7e-m+fp/hard/libc_nano.a(lib_a-mlock.o)
                0x000000000800932c                __malloc_lock
 .text.__malloc_unlock
                0x0000000008009338        0xc /home/crepusculumx/st/stm32cubeide_1.7.0_2/plugins/com.st.stm32cube.ide.mcu.externaltools.gnu-tools-for-stm32.9-2020-q2-update.linux64_2.0.0.202105311346/tools/bin/../lib/gcc/arm-none-eabi/9.3.1/../../../../arm-none-eabi/lib/thumb/v7e-m+fp/hard/libc_nano.a(lib_a-mlock.o)
                0x0000000008009338                __malloc_unlock
 .text._realloc_r
                0x0000000008009344       0x4c /home/crepusculumx/st/stm32cubeide_1.7.0_2/plugins/com.st.stm32cube.ide.mcu.externaltools.gnu-tools-for-stm32.9-2020-q2-update.linux64_2.0.0.202105311346/tools/bin/../lib/gcc/arm-none-eabi/9.3.1/../../../../arm-none-eabi/lib/thumb/v7e-m+fp/hard/libc_nano.a(lib_a-nano-reallocr.o)
                0x0000000008009344                _realloc_r
 .text.__sfputc_r
                0x0000000008009390       0x2e /home/crepusculumx/st/stm32cubeide_1.7.0_2/plugins/com.st.stm32cube.ide.mcu.externaltools.gnu-tools-for-stm32.9-2020-q2-update.linux64_2.0.0.202105311346/tools/bin/../lib/gcc/arm-none-eabi/9.3.1/../../../../arm-none-eabi/lib/thumb/v7e-m+fp/hard/libc_nano.a(lib_a-nano-vfprintf.o)
 .text.__sfputs_r
                0x00000000080093be       0x24 /home/crepusculumx/st/stm32cubeide_1.7.0_2/plugins/com.st.stm32cube.ide.mcu.externaltools.gnu-tools-for-stm32.9-2020-q2-update.linux64_2.0.0.202105311346/tools/bin/../lib/gcc/arm-none-eabi/9.3.1/../../../../arm-none-eabi/lib/thumb/v7e-m+fp/hard/libc_nano.a(lib_a-nano-vfprintf.o)
                0x00000000080093be                __sfputs_r
 *fill*         0x00000000080093e2        0x2 
 .text._vfprintf_r
                0x00000000080093e4      0x260 /home/crepusculumx/st/stm32cubeide_1.7.0_2/plugins/com.st.stm32cube.ide.mcu.externaltools.gnu-tools-for-stm32.9-2020-q2-update.linux64_2.0.0.202105311346/tools/bin/../lib/gcc/arm-none-eabi/9.3.1/../../../../arm-none-eabi/lib/thumb/v7e-m+fp/hard/libc_nano.a(lib_a-nano-vfprintf.o)
                0x00000000080093e4                _vfiprintf_r
                0x00000000080093e4                _vfprintf_r
 .text.__swbuf_r
                0x0000000008009644       0xa4 /home/crepusculumx/st/stm32cubeide_1.7.0_2/plugins/com.st.stm32cube.ide.mcu.externaltools.gnu-tools-for-stm32.9-2020-q2-update.linux64_2.0.0.202105311346/tools/bin/../lib/gcc/arm-none-eabi/9.3.1/../../../../arm-none-eabi/lib/thumb/v7e-m+fp/hard/libc_nano.a(lib_a-wbuf.o)
                0x0000000008009644                __swbuf_r
 .text.__swsetup_r
                0x00000000080096e8       0xdc /home/crepusculumx/st/stm32cubeide_1.7.0_2/plugins/com.st.stm32cube.ide.mcu.externaltools.gnu-tools-for-stm32.9-2020-q2-update.linux64_2.0.0.202105311346/tools/bin/../lib/gcc/arm-none-eabi/9.3.1/../../../../arm-none-eabi/lib/thumb/v7e-m+fp/hard/libc_nano.a(lib_a-wsetup.o)
                0x00000000080096e8                __swsetup_r
 .text.abort    0x00000000080097c4        0xe /home/crepusculumx/st/stm32cubeide_1.7.0_2/plugins/com.st.stm32cube.ide.mcu.externaltools.gnu-tools-for-stm32.9-2020-q2-update.linux64_2.0.0.202105311346/tools/bin/../lib/gcc/arm-none-eabi/9.3.1/../../../../arm-none-eabi/lib/thumb/v7e-m+fp/hard/libc_nano.a(lib_a-abort.o)
                0x00000000080097c4                abort
 *fill*         0x00000000080097d2        0x2 
 .text.__sflush_r
                0x00000000080097d4      0x10c /home/crepusculumx/st/stm32cubeide_1.7.0_2/plugins/com.st.stm32cube.ide.mcu.externaltools.gnu-tools-for-stm32.9-2020-q2-update.linux64_2.0.0.202105311346/tools/bin/../lib/gcc/arm-none-eabi/9.3.1/../../../../arm-none-eabi/lib/thumb/v7e-m+fp/hard/libc_nano.a(lib_a-fflush.o)
                0x00000000080097d4                __sflush_r
 .text._fflush_r
                0x00000000080098e0       0x78 /home/crepusculumx/st/stm32cubeide_1.7.0_2/plugins/com.st.stm32cube.ide.mcu.externaltools.gnu-tools-for-stm32.9-2020-q2-update.linux64_2.0.0.202105311346/tools/bin/../lib/gcc/arm-none-eabi/9.3.1/../../../../arm-none-eabi/lib/thumb/v7e-m+fp/hard/libc_nano.a(lib_a-fflush.o)
                0x00000000080098e0                _fflush_r
 .text.std      0x0000000008009958       0x48 /home/crepusculumx/st/stm32cubeide_1.7.0_2/plugins/com.st.stm32cube.ide.mcu.externaltools.gnu-tools-for-stm32.9-2020-q2-update.linux64_2.0.0.202105311346/tools/bin/../lib/gcc/arm-none-eabi/9.3.1/../../../../arm-none-eabi/lib/thumb/v7e-m+fp/hard/libc_nano.a(lib_a-findfp.o)
 .text._cleanup_r
                0x00000000080099a0        0xc /home/crepusculumx/st/stm32cubeide_1.7.0_2/plugins/com.st.stm32cube.ide.mcu.externaltools.gnu-tools-for-stm32.9-2020-q2-update.linux64_2.0.0.202105311346/tools/bin/../lib/gcc/arm-none-eabi/9.3.1/../../../../arm-none-eabi/lib/thumb/v7e-m+fp/hard/libc_nano.a(lib_a-findfp.o)
                0x00000000080099a0                _cleanup_r
 .text.__sfmoreglue
                0x00000000080099ac       0x2c /home/crepusculumx/st/stm32cubeide_1.7.0_2/plugins/com.st.stm32cube.ide.mcu.externaltools.gnu-tools-for-stm32.9-2020-q2-update.linux64_2.0.0.202105311346/tools/bin/../lib/gcc/arm-none-eabi/9.3.1/../../../../arm-none-eabi/lib/thumb/v7e-m+fp/hard/libc_nano.a(lib_a-findfp.o)
                0x00000000080099ac                __sfmoreglue
 .text.__sfp_lock_acquire
                0x00000000080099d8        0xc /home/crepusculumx/st/stm32cubeide_1.7.0_2/plugins/com.st.stm32cube.ide.mcu.externaltools.gnu-tools-for-stm32.9-2020-q2-update.linux64_2.0.0.202105311346/tools/bin/../lib/gcc/arm-none-eabi/9.3.1/../../../../arm-none-eabi/lib/thumb/v7e-m+fp/hard/libc_nano.a(lib_a-findfp.o)
                0x00000000080099d8                __sfp_lock_acquire
 .text.__sfp_lock_release
                0x00000000080099e4        0xc /home/crepusculumx/st/stm32cubeide_1.7.0_2/plugins/com.st.stm32cube.ide.mcu.externaltools.gnu-tools-for-stm32.9-2020-q2-update.linux64_2.0.0.202105311346/tools/bin/../lib/gcc/arm-none-eabi/9.3.1/../../../../arm-none-eabi/lib/thumb/v7e-m+fp/hard/libc_nano.a(lib_a-findfp.o)
                0x00000000080099e4                __sfp_lock_release
 .text.__sinit_lock_acquire
                0x00000000080099f0        0xc /home/crepusculumx/st/stm32cubeide_1.7.0_2/plugins/com.st.stm32cube.ide.mcu.externaltools.gnu-tools-for-stm32.9-2020-q2-update.linux64_2.0.0.202105311346/tools/bin/../lib/gcc/arm-none-eabi/9.3.1/../../../../arm-none-eabi/lib/thumb/v7e-m+fp/hard/libc_nano.a(lib_a-findfp.o)
                0x00000000080099f0                __sinit_lock_acquire
 .text.__sinit_lock_release
                0x00000000080099fc        0xc /home/crepusculumx/st/stm32cubeide_1.7.0_2/plugins/com.st.stm32cube.ide.mcu.externaltools.gnu-tools-for-stm32.9-2020-q2-update.linux64_2.0.0.202105311346/tools/bin/../lib/gcc/arm-none-eabi/9.3.1/../../../../arm-none-eabi/lib/thumb/v7e-m+fp/hard/libc_nano.a(lib_a-findfp.o)
                0x00000000080099fc                __sinit_lock_release
 .text.__sinit  0x0000000008009a08       0x70 /home/crepusculumx/st/stm32cubeide_1.7.0_2/plugins/com.st.stm32cube.ide.mcu.externaltools.gnu-tools-for-stm32.9-2020-q2-update.linux64_2.0.0.202105311346/tools/bin/../lib/gcc/arm-none-eabi/9.3.1/../../../../arm-none-eabi/lib/thumb/v7e-m+fp/hard/libc_nano.a(lib_a-findfp.o)
                0x0000000008009a08                __sinit
 .text.__sfp    0x0000000008009a78       0x8c /home/crepusculumx/st/stm32cubeide_1.7.0_2/plugins/com.st.stm32cube.ide.mcu.externaltools.gnu-tools-for-stm32.9-2020-q2-update.linux64_2.0.0.202105311346/tools/bin/../lib/gcc/arm-none-eabi/9.3.1/../../../../arm-none-eabi/lib/thumb/v7e-m+fp/hard/libc_nano.a(lib_a-findfp.o)
                0x0000000008009a78                __sfp
 .text._fwalk_reent
                0x0000000008009b04       0x3e /home/crepusculumx/st/stm32cubeide_1.7.0_2/plugins/com.st.stm32cube.ide.mcu.externaltools.gnu-tools-for-stm32.9-2020-q2-update.linux64_2.0.0.202105311346/tools/bin/../lib/gcc/arm-none-eabi/9.3.1/../../../../arm-none-eabi/lib/thumb/v7e-m+fp/hard/libc_nano.a(lib_a-fwalk.o)
                0x0000000008009b04                _fwalk_reent
 .text.__retarget_lock_init_recursive
                0x0000000008009b42        0x2 /home/crepusculumx/st/stm32cubeide_1.7.0_2/plugins/com.st.stm32cube.ide.mcu.externaltools.gnu-tools-for-stm32.9-2020-q2-update.linux64_2.0.0.202105311346/tools/bin/../lib/gcc/arm-none-eabi/9.3.1/../../../../arm-none-eabi/lib/thumb/v7e-m+fp/hard/libc_nano.a(lib_a-lock.o)
                0x0000000008009b42                __retarget_lock_init_recursive
 .text.__retarget_lock_acquire_recursive
                0x0000000008009b44        0x2 /home/crepusculumx/st/stm32cubeide_1.7.0_2/plugins/com.st.stm32cube.ide.mcu.externaltools.gnu-tools-for-stm32.9-2020-q2-update.linux64_2.0.0.202105311346/tools/bin/../lib/gcc/arm-none-eabi/9.3.1/../../../../arm-none-eabi/lib/thumb/v7e-m+fp/hard/libc_nano.a(lib_a-lock.o)
                0x0000000008009b44                __retarget_lock_acquire_recursive
 .text.__retarget_lock_release_recursive
                0x0000000008009b46        0x2 /home/crepusculumx/st/stm32cubeide_1.7.0_2/plugins/com.st.stm32cube.ide.mcu.externaltools.gnu-tools-for-stm32.9-2020-q2-update.linux64_2.0.0.202105311346/tools/bin/../lib/gcc/arm-none-eabi/9.3.1/../../../../arm-none-eabi/lib/thumb/v7e-m+fp/hard/libc_nano.a(lib_a-lock.o)
                0x0000000008009b46                __retarget_lock_release_recursive
 .text.__swhatbuf_r
                0x0000000008009b48       0x48 /home/crepusculumx/st/stm32cubeide_1.7.0_2/plugins/com.st.stm32cube.ide.mcu.externaltools.gnu-tools-for-stm32.9-2020-q2-update.linux64_2.0.0.202105311346/tools/bin/../lib/gcc/arm-none-eabi/9.3.1/../../../../arm-none-eabi/lib/thumb/v7e-m+fp/hard/libc_nano.a(lib_a-makebuf.o)
                0x0000000008009b48                __swhatbuf_r
 .text.__smakebuf_r
                0x0000000008009b90       0x80 /home/crepusculumx/st/stm32cubeide_1.7.0_2/plugins/com.st.stm32cube.ide.mcu.externaltools.gnu-tools-for-stm32.9-2020-q2-update.linux64_2.0.0.202105311346/tools/bin/../lib/gcc/arm-none-eabi/9.3.1/../../../../arm-none-eabi/lib/thumb/v7e-m+fp/hard/libc_nano.a(lib_a-makebuf.o)
                0x0000000008009b90                __smakebuf_r
 .text._malloc_usable_size_r
                0x0000000008009c10       0x10 /home/crepusculumx/st/stm32cubeide_1.7.0_2/plugins/com.st.stm32cube.ide.mcu.externaltools.gnu-tools-for-stm32.9-2020-q2-update.linux64_2.0.0.202105311346/tools/bin/../lib/gcc/arm-none-eabi/9.3.1/../../../../arm-none-eabi/lib/thumb/v7e-m+fp/hard/libc_nano.a(lib_a-nano-msizer.o)
                0x0000000008009c10                _malloc_usable_size_r
 .text._raise_r
                0x0000000008009c20       0x50 /home/crepusculumx/st/stm32cubeide_1.7.0_2/plugins/com.st.stm32cube.ide.mcu.externaltools.gnu-tools-for-stm32.9-2020-q2-update.linux64_2.0.0.202105311346/tools/bin/../lib/gcc/arm-none-eabi/9.3.1/../../../../arm-none-eabi/lib/thumb/v7e-m+fp/hard/libc_nano.a(lib_a-signal.o)
                0x0000000008009c20                _raise_r
 .text.raise    0x0000000008009c70       0x10 /home/crepusculumx/st/stm32cubeide_1.7.0_2/plugins/com.st.stm32cube.ide.mcu.externaltools.gnu-tools-for-stm32.9-2020-q2-update.linux64_2.0.0.202105311346/tools/bin/../lib/gcc/arm-none-eabi/9.3.1/../../../../arm-none-eabi/lib/thumb/v7e-m+fp/hard/libc_nano.a(lib_a-signal.o)
                0x0000000008009c70                raise
 .text._kill_r  0x0000000008009c80       0x24 /home/crepusculumx/st/stm32cubeide_1.7.0_2/plugins/com.st.stm32cube.ide.mcu.externaltools.gnu-tools-for-stm32.9-2020-q2-update.linux64_2.0.0.202105311346/tools/bin/../lib/gcc/arm-none-eabi/9.3.1/../../../../arm-none-eabi/lib/thumb/v7e-m+fp/hard/libc_nano.a(lib_a-signalr.o)
                0x0000000008009c80                _kill_r
 .text._getpid_r
                0x0000000008009ca4        0x4 /home/crepusculumx/st/stm32cubeide_1.7.0_2/plugins/com.st.stm32cube.ide.mcu.externaltools.gnu-tools-for-stm32.9-2020-q2-update.linux64_2.0.0.202105311346/tools/bin/../lib/gcc/arm-none-eabi/9.3.1/../../../../arm-none-eabi/lib/thumb/v7e-m+fp/hard/libc_nano.a(lib_a-signalr.o)
                0x0000000008009ca4                _getpid_r
 .text.__sread  0x0000000008009ca8       0x22 /home/crepusculumx/st/stm32cubeide_1.7.0_2/plugins/com.st.stm32cube.ide.mcu.externaltools.gnu-tools-for-stm32.9-2020-q2-update.linux64_2.0.0.202105311346/tools/bin/../lib/gcc/arm-none-eabi/9.3.1/../../../../arm-none-eabi/lib/thumb/v7e-m+fp/hard/libc_nano.a(lib_a-stdio.o)
                0x0000000008009ca8                __sread
 .text.__swrite
                0x0000000008009cca       0x38 /home/crepusculumx/st/stm32cubeide_1.7.0_2/plugins/com.st.stm32cube.ide.mcu.externaltools.gnu-tools-for-stm32.9-2020-q2-update.linux64_2.0.0.202105311346/tools/bin/../lib/gcc/arm-none-eabi/9.3.1/../../../../arm-none-eabi/lib/thumb/v7e-m+fp/hard/libc_nano.a(lib_a-stdio.o)
                0x0000000008009cca                __swrite
 .text.__sseek  0x0000000008009d02       0x24 /home/crepusculumx/st/stm32cubeide_1.7.0_2/plugins/com.st.stm32cube.ide.mcu.externaltools.gnu-tools-for-stm32.9-2020-q2-update.linux64_2.0.0.202105311346/tools/bin/../lib/gcc/arm-none-eabi/9.3.1/../../../../arm-none-eabi/lib/thumb/v7e-m+fp/hard/libc_nano.a(lib_a-stdio.o)
                0x0000000008009d02                __sseek
 .text.__sclose
                0x0000000008009d26        0x8 /home/crepusculumx/st/stm32cubeide_1.7.0_2/plugins/com.st.stm32cube.ide.mcu.externaltools.gnu-tools-for-stm32.9-2020-q2-update.linux64_2.0.0.202105311346/tools/bin/../lib/gcc/arm-none-eabi/9.3.1/../../../../arm-none-eabi/lib/thumb/v7e-m+fp/hard/libc_nano.a(lib_a-stdio.o)
                0x0000000008009d26                __sclose
 *fill*         0x0000000008009d2e        0x2 
 .text._write_r
                0x0000000008009d30       0x24 /home/crepusculumx/st/stm32cubeide_1.7.0_2/plugins/com.st.stm32cube.ide.mcu.externaltools.gnu-tools-for-stm32.9-2020-q2-update.linux64_2.0.0.202105311346/tools/bin/../lib/gcc/arm-none-eabi/9.3.1/../../../../arm-none-eabi/lib/thumb/v7e-m+fp/hard/libc_nano.a(lib_a-writer.o)
                0x0000000008009d30                _write_r
 .text._close_r
                0x0000000008009d54       0x20 /home/crepusculumx/st/stm32cubeide_1.7.0_2/plugins/com.st.stm32cube.ide.mcu.externaltools.gnu-tools-for-stm32.9-2020-q2-update.linux64_2.0.0.202105311346/tools/bin/../lib/gcc/arm-none-eabi/9.3.1/../../../../arm-none-eabi/lib/thumb/v7e-m+fp/hard/libc_nano.a(lib_a-closer.o)
                0x0000000008009d54                _close_r
 .text._fstat_r
                0x0000000008009d74       0x24 /home/crepusculumx/st/stm32cubeide_1.7.0_2/plugins/com.st.stm32cube.ide.mcu.externaltools.gnu-tools-for-stm32.9-2020-q2-update.linux64_2.0.0.202105311346/tools/bin/../lib/gcc/arm-none-eabi/9.3.1/../../../../arm-none-eabi/lib/thumb/v7e-m+fp/hard/libc_nano.a(lib_a-fstatr.o)
                0x0000000008009d74                _fstat_r
 .text._isatty_r
                0x0000000008009d98       0x20 /home/crepusculumx/st/stm32cubeide_1.7.0_2/plugins/com.st.stm32cube.ide.mcu.externaltools.gnu-tools-for-stm32.9-2020-q2-update.linux64_2.0.0.202105311346/tools/bin/../lib/gcc/arm-none-eabi/9.3.1/../../../../arm-none-eabi/lib/thumb/v7e-m+fp/hard/libc_nano.a(lib_a-isattyr.o)
                0x0000000008009d98                _isatty_r
 .text._lseek_r
                0x0000000008009db8       0x24 /home/crepusculumx/st/stm32cubeide_1.7.0_2/plugins/com.st.stm32cube.ide.mcu.externaltools.gnu-tools-for-stm32.9-2020-q2-update.linux64_2.0.0.202105311346/tools/bin/../lib/gcc/arm-none-eabi/9.3.1/../../../../arm-none-eabi/lib/thumb/v7e-m+fp/hard/libc_nano.a(lib_a-lseekr.o)
                0x0000000008009db8                _lseek_r
 .text._read_r  0x0000000008009ddc       0x24 /home/crepusculumx/st/stm32cubeide_1.7.0_2/plugins/com.st.stm32cube.ide.mcu.externaltools.gnu-tools-for-stm32.9-2020-q2-update.linux64_2.0.0.202105311346/tools/bin/../lib/gcc/arm-none-eabi/9.3.1/../../../../arm-none-eabi/lib/thumb/v7e-m+fp/hard/libc_nano.a(lib_a-readr.o)
                0x0000000008009ddc                _read_r
 *(.glue_7)
 .glue_7        0x0000000008009e00        0x0 linker stubs
 *(.glue_7t)
 .glue_7t       0x0000000008009e00        0x0 linker stubs
 *(.eh_frame)
 .eh_frame      0x0000000008009e00        0x0 /home/crepusculumx/st/stm32cubeide_1.7.0_2/plugins/com.st.stm32cube.ide.mcu.externaltools.gnu-tools-for-stm32.9-2020-q2-update.linux64_2.0.0.202105311346/tools/bin/../lib/gcc/arm-none-eabi/9.3.1/thumb/v7e-m+fp/hard/crtbegin.o
 *(.init)
 .init          0x0000000008009e00        0x4 /home/crepusculumx/st/stm32cubeide_1.7.0_2/plugins/com.st.stm32cube.ide.mcu.externaltools.gnu-tools-for-stm32.9-2020-q2-update.linux64_2.0.0.202105311346/tools/bin/../lib/gcc/arm-none-eabi/9.3.1/thumb/v7e-m+fp/hard/crti.o
                0x0000000008009e00                _init
 .init          0x0000000008009e04        0x8 /home/crepusculumx/st/stm32cubeide_1.7.0_2/plugins/com.st.stm32cube.ide.mcu.externaltools.gnu-tools-for-stm32.9-2020-q2-update.linux64_2.0.0.202105311346/tools/bin/../lib/gcc/arm-none-eabi/9.3.1/thumb/v7e-m+fp/hard/crtn.o
 *(.fini)
 .fini          0x0000000008009e0c        0x4 /home/crepusculumx/st/stm32cubeide_1.7.0_2/plugins/com.st.stm32cube.ide.mcu.externaltools.gnu-tools-for-stm32.9-2020-q2-update.linux64_2.0.0.202105311346/tools/bin/../lib/gcc/arm-none-eabi/9.3.1/thumb/v7e-m+fp/hard/crti.o
                0x0000000008009e0c                _fini
 .fini          0x0000000008009e10        0x8 /home/crepusculumx/st/stm32cubeide_1.7.0_2/plugins/com.st.stm32cube.ide.mcu.externaltools.gnu-tools-for-stm32.9-2020-q2-update.linux64_2.0.0.202105311346/tools/bin/../lib/gcc/arm-none-eabi/9.3.1/thumb/v7e-m+fp/hard/crtn.o
                0x0000000008009e18                . = ALIGN (0x4)
                0x0000000008009e18                _etext = .

.vfp11_veneer   0x0000000008009e18        0x0
 .vfp11_veneer  0x0000000008009e18        0x0 linker stubs

.v4_bx          0x0000000008009e18        0x0
 .v4_bx         0x0000000008009e18        0x0 linker stubs

.iplt           0x0000000008009e18        0x0
 .iplt          0x0000000008009e18        0x0 /home/crepusculumx/st/stm32cubeide_1.7.0_2/plugins/com.st.stm32cube.ide.mcu.externaltools.gnu-tools-for-stm32.9-2020-q2-update.linux64_2.0.0.202105311346/tools/bin/../lib/gcc/arm-none-eabi/9.3.1/thumb/v7e-m+fp/hard/crtbegin.o

.rodata         0x0000000008009e18      0x4cc
                0x0000000008009e18                . = ALIGN (0x4)
 *(.rodata)
 *(.rodata*)
 .rodata.AHBPrescTable
                0x0000000008009e18       0x10 ./Core/Src/system_stm32f4xx.o
                0x0000000008009e18                AHBPrescTable
 .rodata.APBPrescTable
                0x0000000008009e28        0x8 ./Core/Src/system_stm32f4xx.o
                0x0000000008009e28                APBPrescTable
 .rodata._global_impure_ptr
                0x0000000008009e30        0x4 /home/crepusculumx/st/stm32cubeide_1.7.0_2/plugins/com.st.stm32cube.ide.mcu.externaltools.gnu-tools-for-stm32.9-2020-q2-update.linux64_2.0.0.202105311346/tools/bin/../lib/gcc/arm-none-eabi/9.3.1/../../../../arm-none-eabi/lib/thumb/v7e-m+fp/hard/libc_nano.a(lib_a-impure.o)
                0x0000000008009e30                _global_impure_ptr
 .rodata._printf_float.str1.1
                0x0000000008009e34       0x12 /home/crepusculumx/st/stm32cubeide_1.7.0_2/plugins/com.st.stm32cube.ide.mcu.externaltools.gnu-tools-for-stm32.9-2020-q2-update.linux64_2.0.0.202105311346/tools/bin/../lib/gcc/arm-none-eabi/9.3.1/../../../../arm-none-eabi/lib/thumb/v7e-m+fp/hard/libc_nano.a(lib_a-nano-vfprintf_float.o)
 .rodata._printf_i.str1.1
                0x0000000008009e46       0x22 /home/crepusculumx/st/stm32cubeide_1.7.0_2/plugins/com.st.stm32cube.ide.mcu.externaltools.gnu-tools-for-stm32.9-2020-q2-update.linux64_2.0.0.202105311346/tools/bin/../lib/gcc/arm-none-eabi/9.3.1/../../../../arm-none-eabi/lib/thumb/v7e-m+fp/hard/libc_nano.a(lib_a-nano-vfprintf_i.o)
 .rodata._scanf_float.str1.1
                0x0000000008009e68        0x5 /home/crepusculumx/st/stm32cubeide_1.7.0_2/plugins/com.st.stm32cube.ide.mcu.externaltools.gnu-tools-for-stm32.9-2020-q2-update.linux64_2.0.0.202105311346/tools/bin/../lib/gcc/arm-none-eabi/9.3.1/../../../../arm-none-eabi/lib/thumb/v7e-m+fp/hard/libc_nano.a(lib_a-nano-vfscanf_float.o)
                                          0x6 (size before relaxing)
 .rodata._strtod_l.str1.1
                0x0000000008009e6d        0x5 /home/crepusculumx/st/stm32cubeide_1.7.0_2/plugins/com.st.stm32cube.ide.mcu.externaltools.gnu-tools-for-stm32.9-2020-q2-update.linux64_2.0.0.202105311346/tools/bin/../lib/gcc/arm-none-eabi/9.3.1/../../../../arm-none-eabi/lib/thumb/v7e-m+fp/hard/libc_nano.a(lib_a-strtod.o)
                                          0xd (size before relaxing)
 *fill*         0x0000000008009e6d        0x3 
 .rodata.fpi.7583
                0x0000000008009e70       0x14 /home/crepusculumx/st/stm32cubeide_1.7.0_2/plugins/com.st.stm32cube.ide.mcu.externaltools.gnu-tools-for-stm32.9-2020-q2-update.linux64_2.0.0.202105311346/tools/bin/../lib/gcc/arm-none-eabi/9.3.1/../../../../arm-none-eabi/lib/thumb/v7e-m+fp/hard/libc_nano.a(lib_a-strtod.o)
 .rodata.fpinan.7619
                0x0000000008009e84       0x14 /home/crepusculumx/st/stm32cubeide_1.7.0_2/plugins/com.st.stm32cube.ide.mcu.externaltools.gnu-tools-for-stm32.9-2020-q2-update.linux64_2.0.0.202105311346/tools/bin/../lib/gcc/arm-none-eabi/9.3.1/../../../../arm-none-eabi/lib/thumb/v7e-m+fp/hard/libc_nano.a(lib_a-strtod.o)
 .rodata.tinytens
                0x0000000008009e98       0x28 /home/crepusculumx/st/stm32cubeide_1.7.0_2/plugins/com.st.stm32cube.ide.mcu.externaltools.gnu-tools-for-stm32.9-2020-q2-update.linux64_2.0.0.202105311346/tools/bin/../lib/gcc/arm-none-eabi/9.3.1/../../../../arm-none-eabi/lib/thumb/v7e-m+fp/hard/libc_nano.a(lib_a-strtod.o)
 .rodata._ctype_
                0x0000000008009ec0      0x101 /home/crepusculumx/st/stm32cubeide_1.7.0_2/plugins/com.st.stm32cube.ide.mcu.externaltools.gnu-tools-for-stm32.9-2020-q2-update.linux64_2.0.0.202105311346/tools/bin/../lib/gcc/arm-none-eabi/9.3.1/../../../../arm-none-eabi/lib/thumb/v7e-m+fp/hard/libc_nano.a(lib_a-ctype_.o)
                0x0000000008009ec0                _ctype_
 .rodata._dtoa_r.str1.1
                0x0000000008009fc1       0x94 /home/crepusculumx/st/stm32cubeide_1.7.0_2/plugins/com.st.stm32cube.ide.mcu.externaltools.gnu-tools-for-stm32.9-2020-q2-update.linux64_2.0.0.202105311346/tools/bin/../lib/gcc/arm-none-eabi/9.3.1/../../../../arm-none-eabi/lib/thumb/v7e-m+fp/hard/libc_nano.a(lib_a-dtoa.o)
                                         0x96 (size before relaxing)
 .rodata.__gethex.str1.1
                0x000000000800a055       0x67 /home/crepusculumx/st/stm32cubeide_1.7.0_2/plugins/com.st.stm32cube.ide.mcu.externaltools.gnu-tools-for-stm32.9-2020-q2-update.linux64_2.0.0.202105311346/tools/bin/../lib/gcc/arm-none-eabi/9.3.1/../../../../arm-none-eabi/lib/thumb/v7e-m+fp/hard/libc_nano.a(lib_a-gdtoa-gethex.o)
                                         0x78 (size before relaxing)
 .rodata.str1.1
                0x000000000800a0bc        0x2 /home/crepusculumx/st/stm32cubeide_1.7.0_2/plugins/com.st.stm32cube.ide.mcu.externaltools.gnu-tools-for-stm32.9-2020-q2-update.linux64_2.0.0.202105311346/tools/bin/../lib/gcc/arm-none-eabi/9.3.1/../../../../arm-none-eabi/lib/thumb/v7e-m+fp/hard/libc_nano.a(lib_a-lnumeric.o)
                                          0x3 (size before relaxing)
 *fill*         0x000000000800a0be        0x2 
 .rodata._C_numeric_locale
                0x000000000800a0c0        0xc /home/crepusculumx/st/stm32cubeide_1.7.0_2/plugins/com.st.stm32cube.ide.mcu.externaltools.gnu-tools-for-stm32.9-2020-q2-update.linux64_2.0.0.202105311346/tools/bin/../lib/gcc/arm-none-eabi/9.3.1/../../../../arm-none-eabi/lib/thumb/v7e-m+fp/hard/libc_nano.a(lib_a-lnumeric.o)
                0x000000000800a0c0                _C_numeric_locale
 .rodata._setlocale_r.str1.1
                0x000000000800a0cc        0x8 /home/crepusculumx/st/stm32cubeide_1.7.0_2/plugins/com.st.stm32cube.ide.mcu.externaltools.gnu-tools-for-stm32.9-2020-q2-update.linux64_2.0.0.202105311346/tools/bin/../lib/gcc/arm-none-eabi/9.3.1/../../../../arm-none-eabi/lib/thumb/v7e-m+fp/hard/libc_nano.a(lib_a-locale.o)
                                          0x9 (size before relaxing)
 .rodata.str1.1
                0x000000000800a0d4        0x2 /home/crepusculumx/st/stm32cubeide_1.7.0_2/plugins/com.st.stm32cube.ide.mcu.externaltools.gnu-tools-for-stm32.9-2020-q2-update.linux64_2.0.0.202105311346/tools/bin/../lib/gcc/arm-none-eabi/9.3.1/../../../../arm-none-eabi/lib/thumb/v7e-m+fp/hard/libc_nano.a(lib_a-locale.o)
 .rodata._Balloc.str1.1
                0x000000000800a0d4       0x60 /home/crepusculumx/st/stm32cubeide_1.7.0_2/plugins/com.st.stm32cube.ide.mcu.externaltools.gnu-tools-for-stm32.9-2020-q2-update.linux64_2.0.0.202105311346/tools/bin/../lib/gcc/arm-none-eabi/9.3.1/../../../../arm-none-eabi/lib/thumb/v7e-m+fp/hard/libc_nano.a(lib_a-mprec.o)
                                         0x77 (size before relaxing)
 .rodata.__multadd.str1.1
                0x000000000800a134       0x11 /home/crepusculumx/st/stm32cubeide_1.7.0_2/plugins/com.st.stm32cube.ide.mcu.externaltools.gnu-tools-for-stm32.9-2020-q2-update.linux64_2.0.0.202105311346/tools/bin/../lib/gcc/arm-none-eabi/9.3.1/../../../../arm-none-eabi/lib/thumb/v7e-m+fp/hard/libc_nano.a(lib_a-mprec.o)
 *fill*         0x000000000800a134        0x4 
 .rodata.__mprec_bigtens
                0x000000000800a138       0x28 /home/crepusculumx/st/stm32cubeide_1.7.0_2/plugins/com.st.stm32cube.ide.mcu.externaltools.gnu-tools-for-stm32.9-2020-q2-update.linux64_2.0.0.202105311346/tools/bin/../lib/gcc/arm-none-eabi/9.3.1/../../../../arm-none-eabi/lib/thumb/v7e-m+fp/hard/libc_nano.a(lib_a-mprec.o)
                0x000000000800a138                __mprec_bigtens
 .rodata.__mprec_tens
                0x000000000800a160       0xc8 /home/crepusculumx/st/stm32cubeide_1.7.0_2/plugins/com.st.stm32cube.ide.mcu.externaltools.gnu-tools-for-stm32.9-2020-q2-update.linux64_2.0.0.202105311346/tools/bin/../lib/gcc/arm-none-eabi/9.3.1/../../../../arm-none-eabi/lib/thumb/v7e-m+fp/hard/libc_nano.a(lib_a-mprec.o)
                0x000000000800a160                __mprec_tens
 .rodata.p05.7513
                0x000000000800a228        0xc /home/crepusculumx/st/stm32cubeide_1.7.0_2/plugins/com.st.stm32cube.ide.mcu.externaltools.gnu-tools-for-stm32.9-2020-q2-update.linux64_2.0.0.202105311346/tools/bin/../lib/gcc/arm-none-eabi/9.3.1/../../../../arm-none-eabi/lib/thumb/v7e-m+fp/hard/libc_nano.a(lib_a-mprec.o)
 .rodata._svfprintf_r.str1.1
                0x000000000800a234       0x11 /home/crepusculumx/st/stm32cubeide_1.7.0_2/plugins/com.st.stm32cube.ide.mcu.externaltools.gnu-tools-for-stm32.9-2020-q2-update.linux64_2.0.0.202105311346/tools/bin/../lib/gcc/arm-none-eabi/9.3.1/../../../../arm-none-eabi/lib/thumb/v7e-m+fp/hard/libc_nano.a(lib_a-nano-svfprintf.o)
 .rodata.__assert_func.str1.1
                0x000000000800a245       0x3c /home/crepusculumx/st/stm32cubeide_1.7.0_2/plugins/com.st.stm32cube.ide.mcu.externaltools.gnu-tools-for-stm32.9-2020-q2-update.linux64_2.0.0.202105311346/tools/bin/../lib/gcc/arm-none-eabi/9.3.1/../../../../arm-none-eabi/lib/thumb/v7e-m+fp/hard/libc_nano.a(lib_a-assert.o)
                                         0x3d (size before relaxing)
 .rodata._vfprintf_r.str1.1
                0x000000000800a281       0x11 /home/crepusculumx/st/stm32cubeide_1.7.0_2/plugins/com.st.stm32cube.ide.mcu.externaltools.gnu-tools-for-stm32.9-2020-q2-update.linux64_2.0.0.202105311346/tools/bin/../lib/gcc/arm-none-eabi/9.3.1/../../../../arm-none-eabi/lib/thumb/v7e-m+fp/hard/libc_nano.a(lib_a-nano-vfprintf.o)
 *fill*         0x000000000800a281        0x3 
 .rodata.__sf_fake_stderr
                0x000000000800a284       0x20 /home/crepusculumx/st/stm32cubeide_1.7.0_2/plugins/com.st.stm32cube.ide.mcu.externaltools.gnu-tools-for-stm32.9-2020-q2-update.linux64_2.0.0.202105311346/tools/bin/../lib/gcc/arm-none-eabi/9.3.1/../../../../arm-none-eabi/lib/thumb/v7e-m+fp/hard/libc_nano.a(lib_a-findfp.o)
                0x000000000800a284                __sf_fake_stderr
 .rodata.__sf_fake_stdin
                0x000000000800a2a4       0x20 /home/crepusculumx/st/stm32cubeide_1.7.0_2/plugins/com.st.stm32cube.ide.mcu.externaltools.gnu-tools-for-stm32.9-2020-q2-update.linux64_2.0.0.202105311346/tools/bin/../lib/gcc/arm-none-eabi/9.3.1/../../../../arm-none-eabi/lib/thumb/v7e-m+fp/hard/libc_nano.a(lib_a-findfp.o)
                0x000000000800a2a4                __sf_fake_stdin
 .rodata.__sf_fake_stdout
                0x000000000800a2c4       0x20 /home/crepusculumx/st/stm32cubeide_1.7.0_2/plugins/com.st.stm32cube.ide.mcu.externaltools.gnu-tools-for-stm32.9-2020-q2-update.linux64_2.0.0.202105311346/tools/bin/../lib/gcc/arm-none-eabi/9.3.1/../../../../arm-none-eabi/lib/thumb/v7e-m+fp/hard/libc_nano.a(lib_a-findfp.o)
                0x000000000800a2c4                __sf_fake_stdout
                0x000000000800a2e4                . = ALIGN (0x4)

.ARM.extab      0x000000000800a2e4        0x0
                0x000000000800a2e4                . = ALIGN (0x4)
 *(.ARM.extab* .gnu.linkonce.armextab.*)
                0x000000000800a2e4                . = ALIGN (0x4)

.ARM            0x000000000800a2e4        0x8
                0x000000000800a2e4                . = ALIGN (0x4)
                0x000000000800a2e4                __exidx_start = .
 *(.ARM.exidx*)
 .ARM.exidx     0x000000000800a2e4        0x8 /home/crepusculumx/st/stm32cubeide_1.7.0_2/plugins/com.st.stm32cube.ide.mcu.externaltools.gnu-tools-for-stm32.9-2020-q2-update.linux64_2.0.0.202105311346/tools/bin/../lib/gcc/arm-none-eabi/9.3.1/thumb/v7e-m+fp/hard/libgcc.a(_udivmoddi4.o)
                0x000000000800a2ec                __exidx_end = .
                0x000000000800a2ec                . = ALIGN (0x4)

.rel.dyn        0x000000000800a2ec        0x0
 .rel.iplt      0x000000000800a2ec        0x0 /home/crepusculumx/st/stm32cubeide_1.7.0_2/plugins/com.st.stm32cube.ide.mcu.externaltools.gnu-tools-for-stm32.9-2020-q2-update.linux64_2.0.0.202105311346/tools/bin/../lib/gcc/arm-none-eabi/9.3.1/thumb/v7e-m+fp/hard/crtbegin.o

.preinit_array  0x000000000800a2ec        0x0
                0x000000000800a2ec                . = ALIGN (0x4)
                0x000000000800a2ec                PROVIDE (__preinit_array_start = .)
 *(.preinit_array*)
                0x000000000800a2ec                PROVIDE (__preinit_array_end = .)
                0x000000000800a2ec                . = ALIGN (0x4)

.init_array     0x000000000800a2ec        0x4
                0x000000000800a2ec                . = ALIGN (0x4)
                0x000000000800a2ec                PROVIDE (__init_array_start = .)
 *(SORT_BY_NAME(.init_array.*))
 *(.init_array*)
 .init_array    0x000000000800a2ec        0x4 /home/crepusculumx/st/stm32cubeide_1.7.0_2/plugins/com.st.stm32cube.ide.mcu.externaltools.gnu-tools-for-stm32.9-2020-q2-update.linux64_2.0.0.202105311346/tools/bin/../lib/gcc/arm-none-eabi/9.3.1/thumb/v7e-m+fp/hard/crtbegin.o
                0x000000000800a2f0                PROVIDE (__init_array_end = .)
                0x000000000800a2f0                . = ALIGN (0x4)

.fini_array     0x000000000800a2f0        0x4
                0x000000000800a2f0                . = ALIGN (0x4)
                [!provide]                        PROVIDE (__fini_array_start = .)
 *(SORT_BY_NAME(.fini_array.*))
 *(.fini_array*)
 .fini_array    0x000000000800a2f0        0x4 /home/crepusculumx/st/stm32cubeide_1.7.0_2/plugins/com.st.stm32cube.ide.mcu.externaltools.gnu-tools-for-stm32.9-2020-q2-update.linux64_2.0.0.202105311346/tools/bin/../lib/gcc/arm-none-eabi/9.3.1/thumb/v7e-m+fp/hard/crtbegin.o